This is pdfTeX, Version 3.141592653-2.6-1.40.25 (MiKTeX 24.1) (preloaded format=pdflatex 2025.3.14)  14 MAY 2026 22:30
entering extended mode
 restricted \write18 enabled.
 %&-line parsing enabled.
**./main.tex
(main.tex
LaTeX2e <2023-11-01> patch level 1
L3 programming layer <2024-01-04>
(C:\Users\yazid\AppData\Local\Programs\MiKTeX\tex/latex/base\report.cls
Document Class: report 2023/05/17 v1.4n Standard LaTeX document class
(C:\Users\yazid\AppData\Local\Programs\MiKTeX\tex/latex/base\size12.clo
File: size12.clo 2023/05/17 v1.4n Standard LaTeX file (size option)
)
\c@part=\count187
\c@chapter=\count188
\c@section=\count189
\c@subsection=\count190
\c@subsubsection=\count191
\c@paragraph=\count192
\c@subparagraph=\count193
\c@figure=\count194
\c@table=\count195
\abovecaptionskip=\skip48
\belowcaptionskip=\skip49
\bibindent=\dimen140
)
(styles/yazid-template.sty
Package: styles/yazid-template 2025/03/23 Yazid Universal Template

(C:\Users\yazid\AppData\Local\Programs\MiKTeX\tex/latex/base\inputenc.sty
Package: inputenc 2021/02/14 v1.3d Input encoding file
\inpenc@prehook=\toks17
\inpenc@posthook=\toks18
)
(C:\Users\yazid\AppData\Local\Programs\MiKTeX\tex/latex/base\fontenc.sty
Package: fontenc 2021/04/29 v2.0v Standard LaTeX package
)
(C:\Users\yazid\AppData\Local\Programs\MiKTeX\tex/generic/babel\babel.sty
Package: babel 2024/01/07 v24.1 The Babel package
\babel@savecnt=\count196
\U@D=\dimen141
\l@unhyphenated=\language79

(C:\Users\yazid\AppData\Local\Programs\MiKTeX\tex/generic/babel\txtbabel.def)
\bbl@readstream=\read2
\bbl@dirlevel=\count197

*************************************
* Local config file bblopts.cfg used
*
(C:\Users\yazid\AppData\Local\Programs\MiKTeX\tex/latex/arabi\bblopts.cfg
File: bblopts.cfg 2005/09/08 v0.1 add Arabic and Farsi to "declared" options of
 babel
)
(C:\Users\yazid\AppData\Local\Programs\MiKTeX\tex/generic/babel-french\french.l
df
Language: french 2024-07-25 v3.6c French support from the babel system
Package babel Info: Hyphen rules for 'acadian' set to \l@french
(babel)             (\language22). Reported on input line 91.
Package babel Info: Hyphen rules for 'canadien' set to \l@french
(babel)             (\language22). Reported on input line 92.
\FB@stdchar=\count198
Package babel Info: Making : an active character on input line 421.
Package babel Info: Making ; an active character on input line 422.
Package babel Info: Making ! an active character on input line 423.
Package babel Info: Making ? an active character on input line 424.
\FBguill@level=\count199
\FBold@everypar=\toks19
\FB@Mht=\dimen142
\mc@charclass=\count266
\mc@charfam=\count267
\mc@charslot=\count268
\std@mcc=\count269
\dec@mcc=\count270
\FB@parskip=\dimen143
\listindentFB=\dimen144
\descindentFB=\dimen145
\labelindentFB=\dimen146
\labelwidthFB=\dimen147
\leftmarginFB=\dimen148
\parindentFFN=\dimen149
\FBfnindent=\dimen150
))
(C:\Users\yazid\AppData\Local\Programs\MiKTeX\tex/generic/babel/locale/fr\babel
-french.tex
Package babel Info: Importing font and identification data for french
(babel)             from babel-fr.ini. Reported on input line 11.
)
(C:\Users\yazid\AppData\Local\Programs\MiKTeX\tex/latex/carlisle\scalefnt.sty)
(C:\Users\yazid\AppData\Local\Programs\MiKTeX\tex/latex/lm\lmodern.sty
Package: lmodern 2015/05/01 v1.6.1 Latin Modern Fonts
LaTeX Font Info:    Overwriting symbol font `operators' in version `normal'
(Font)                  OT1/cmr/m/n --> OT1/lmr/m/n on input line 22.
LaTeX Font Info:    Overwriting symbol font `letters' in version `normal'
(Font)                  OML/cmm/m/it --> OML/lmm/m/it on input line 23.
LaTeX Font Info:    Overwriting symbol font `symbols' in version `normal'
(Font)                  OMS/cmsy/m/n --> OMS/lmsy/m/n on input line 24.
LaTeX Font Info:    Overwriting symbol font `largesymbols' in version `normal'
(Font)                  OMX/cmex/m/n --> OMX/lmex/m/n on input line 25.
LaTeX Font Info:    Overwriting symbol font `operators' in version `bold'
(Font)                  OT1/cmr/bx/n --> OT1/lmr/bx/n on input line 26.
LaTeX Font Info:    Overwriting symbol font `letters' in version `bold'
(Font)                  OML/cmm/b/it --> OML/lmm/b/it on input line 27.
LaTeX Font Info:    Overwriting symbol font `symbols' in version `bold'
(Font)                  OMS/cmsy/b/n --> OMS/lmsy/b/n on input line 28.
LaTeX Font Info:    Overwriting symbol font `largesymbols' in version `bold'
(Font)                  OMX/cmex/m/n --> OMX/lmex/m/n on input line 29.
LaTeX Font Info:    Overwriting math alphabet `\mathbf' in version `normal'
(Font)                  OT1/cmr/bx/n --> OT1/lmr/bx/n on input line 31.
LaTeX Font Info:    Overwriting math alphabet `\mathsf' in version `normal'
(Font)                  OT1/cmss/m/n --> OT1/lmss/m/n on input line 32.
LaTeX Font Info:    Overwriting math alphabet `\mathit' in version `normal'
(Font)                  OT1/cmr/m/it --> OT1/lmr/m/it on input line 33.
LaTeX Font Info:    Overwriting math alphabet `\mathtt' in version `normal'
(Font)                  OT1/cmtt/m/n --> OT1/lmtt/m/n on input line 34.
LaTeX Font Info:    Overwriting math alphabet `\mathbf' in version `bold'
(Font)                  OT1/cmr/bx/n --> OT1/lmr/bx/n on input line 35.
LaTeX Font Info:    Overwriting math alphabet `\mathsf' in version `bold'
(Font)                  OT1/cmss/bx/n --> OT1/lmss/bx/n on input line 36.
LaTeX Font Info:    Overwriting math alphabet `\mathit' in version `bold'
(Font)                  OT1/cmr/bx/it --> OT1/lmr/bx/it on input line 37.
LaTeX Font Info:    Overwriting math alphabet `\mathtt' in version `bold'
(Font)                  OT1/cmtt/m/n --> OT1/lmtt/m/n on input line 38.
)
(C:\Users\yazid\AppData\Local\Programs\MiKTeX\tex/latex/microtype\microtype.sty
Package: microtype 2025/02/11 v3.2a Micro-typographical refinements (RS)
(C:\Users\yazid\AppData\Local\Programs\MiKTeX\tex/latex/graphics\keyval.sty
Package: keyval 2022/05/29 v1.15 key=value parser (DPC)
\KV@toks@=\toks20
)
(C:\Users\yazid\AppData\Local\Programs\MiKTeX\tex/latex/etoolbox\etoolbox.sty
Package: etoolbox 2020/10/05 v2.5k e-TeX tools for LaTeX (JAW)
\etb@tempcnta=\count271
)
\MT@toks=\toks21
\MT@tempbox=\box51
\MT@count=\count272
LaTeX Info: Redefining \noprotrusionifhmode on input line 1087.
LaTeX Info: Redefining \leftprotrusion on input line 1088.
\MT@prot@toks=\toks22
LaTeX Info: Redefining \rightprotrusion on input line 1107.
LaTeX Info: Redefining \textls on input line 1449.
\MT@outer@kern=\dimen151
LaTeX Info: Redefining \microtypecontext on input line 2053.
LaTeX Info: Redefining \textmicrotypecontext on input line 2070.
\MT@listname@count=\count273

(C:\Users\yazid\AppData\Local\Programs\MiKTeX\tex/latex/microtype\microtype-pdf
tex.def
File: microtype-pdftex.def 2025/02/11 v3.2a Definitions specific to pdftex (RS)

LaTeX Info: Redefining \lsstyle on input line 944.
LaTeX Info: Redefining \lslig on input line 944.
\MT@outer@space=\skip50
)
Package microtype Info: Loading configuration file microtype.cfg.

(C:\Users\yazid\AppData\Local\Programs\MiKTeX\tex/latex/microtype\microtype.cfg
File: microtype.cfg 2025/02/11 v3.2a microtype main configuration file (RS)
)
LaTeX Info: Redefining \microtypesetup on input line 3065.
)
(C:\Users\yazid\AppData\Local\Programs\MiKTeX\tex/latex/graphics\graphicx.sty
Package: graphicx 2021/09/16 v1.2d Enhanced LaTeX Graphics (DPC,SPQR)

(C:\Users\yazid\AppData\Local\Programs\MiKTeX\tex/latex/graphics\graphics.sty
Package: graphics 2022/03/10 v1.4e Standard LaTeX Graphics (DPC,SPQR)

(C:\Users\yazid\AppData\Local\Programs\MiKTeX\tex/latex/graphics\trig.sty
Package: trig 2021/08/11 v1.11 sin cos tan (DPC)
)
(C:\Users\yazid\AppData\Local\Programs\MiKTeX\tex/latex/graphics-cfg\graphics.c
fg
File: graphics.cfg 2016/06/04 v1.11 sample graphics configuration
)
Package graphics Info: Driver file: pdftex.def on input line 107.

(C:\Users\yazid\AppData\Local\Programs\MiKTeX\tex/latex/graphics-def\pdftex.def
File: pdftex.def 2022/09/22 v1.2b Graphics/color driver for pdftex
))
\Gin@req@height=\dimen152
\Gin@req@width=\dimen153
)
(C:\Users\yazid\AppData\Local\Programs\MiKTeX\tex/latex/caption\subcaption.sty
Package: subcaption 2023/07/28 v1.6b Sub-captions (AR)

(C:\Users\yazid\AppData\Local\Programs\MiKTeX\tex/latex/caption\caption.sty
Package: caption 2023/08/05 v3.6o Customizing captions (AR)

(C:\Users\yazid\AppData\Local\Programs\MiKTeX\tex/latex/caption\caption3.sty
Package: caption3 2023/07/31 v2.4d caption3 kernel (AR)
\caption@tempdima=\dimen154
\captionmargin=\dimen155
\caption@leftmargin=\dimen156
\caption@rightmargin=\dimen157
\caption@width=\dimen158
\caption@indent=\dimen159
\caption@parindent=\dimen160
\caption@hangindent=\dimen161
Package caption Info: Standard document class detected.
Package caption Info: french babel package is loaded.
)
\c@caption@flags=\count274
\c@continuedfloat=\count275
)
Package caption Info: New subtype `subfigure' on input line 238.
\c@subfigure=\count276
Package caption Info: New subtype `subtable' on input line 238.
\c@subtable=\count277
) (C:\Users\yazid\AppData\Local\Programs\MiKTeX\tex/latex/float\float.sty
Package: float 2001/11/08 v1.3d Float enhancements (AL)
\c@float@type=\count278
\float@exts=\toks23
\float@box=\box52
\@float@everytoks=\toks24
\@floatcapt=\box53
)
(C:\Users\yazid\AppData\Local\Programs\MiKTeX\tex/latex/pgf/frontendlayer\tikz.
sty
(C:\Users\yazid\AppData\Local\Programs\MiKTeX\tex/latex/pgf/basiclayer\pgf.sty
(C:\Users\yazid\AppData\Local\Programs\MiKTeX\tex/latex/pgf/utilities\pgfrcs.st
y
(C:\Users\yazid\AppData\Local\Programs\MiKTeX\tex/generic/pgf/utilities\pgfutil
-common.tex
\pgfutil@everybye=\toks25
\pgfutil@tempdima=\dimen162
\pgfutil@tempdimb=\dimen163
)
(C:\Users\yazid\AppData\Local\Programs\MiKTeX\tex/generic/pgf/utilities\pgfutil
-latex.def
\pgfutil@abb=\box54
)
(C:\Users\yazid\AppData\Local\Programs\MiKTeX\tex/generic/pgf/utilities\pgfrcs.
code.tex
(C:\Users\yazid\AppData\Local\Programs\MiKTeX\tex/generic/pgf\pgf.revision.tex)
Package: pgfrcs 2023-01-15 v3.1.10 (3.1.10)
))
Package: pgf 2023-01-15 v3.1.10 (3.1.10)

(C:\Users\yazid\AppData\Local\Programs\MiKTeX\tex/latex/pgf/basiclayer\pgfcore.
sty
(C:\Users\yazid\AppData\Local\Programs\MiKTeX\tex/latex/pgf/systemlayer\pgfsys.
sty
(C:\Users\yazid\AppData\Local\Programs\MiKTeX\tex/generic/pgf/systemlayer\pgfsy
s.code.tex
Package: pgfsys 2023-01-15 v3.1.10 (3.1.10)

(C:\Users\yazid\AppData\Local\Programs\MiKTeX\tex/generic/pgf/utilities\pgfkeys
.code.tex
\pgfkeys@pathtoks=\toks26
\pgfkeys@temptoks=\toks27

(C:\Users\yazid\AppData\Local\Programs\MiKTeX\tex/generic/pgf/utilities\pgfkeys
libraryfiltered.code.tex
\pgfkeys@tmptoks=\toks28
))
\pgf@x=\dimen164
\pgf@y=\dimen165
\pgf@xa=\dimen166
\pgf@ya=\dimen167
\pgf@xb=\dimen168
\pgf@yb=\dimen169
\pgf@xc=\dimen170
\pgf@yc=\dimen171
\pgf@xd=\dimen172
\pgf@yd=\dimen173
\w@pgf@writea=\write3
\r@pgf@reada=\read3
\c@pgf@counta=\count279
\c@pgf@countb=\count280
\c@pgf@countc=\count281
\c@pgf@countd=\count282
\t@pgf@toka=\toks29
\t@pgf@tokb=\toks30
\t@pgf@tokc=\toks31
\pgf@sys@id@count=\count283

(C:\Users\yazid\AppData\Local\Programs\MiKTeX\tex/generic/pgf/systemlayer\pgf.c
fg
File: pgf.cfg 2023-01-15 v3.1.10 (3.1.10)
)
Driver file for pgf: pgfsys-pdftex.def

(C:\Users\yazid\AppData\Local\Programs\MiKTeX\tex/generic/pgf/systemlayer\pgfsy
s-pdftex.def
File: pgfsys-pdftex.def 2023-01-15 v3.1.10 (3.1.10)

(C:\Users\yazid\AppData\Local\Programs\MiKTeX\tex/generic/pgf/systemlayer\pgfsy
s-common-pdf.def
File: pgfsys-common-pdf.def 2023-01-15 v3.1.10 (3.1.10)
)))
(C:\Users\yazid\AppData\Local\Programs\MiKTeX\tex/generic/pgf/systemlayer\pgfsy
ssoftpath.code.tex
File: pgfsyssoftpath.code.tex 2023-01-15 v3.1.10 (3.1.10)
\pgfsyssoftpath@smallbuffer@items=\count284
\pgfsyssoftpath@bigbuffer@items=\count285
)
(C:\Users\yazid\AppData\Local\Programs\MiKTeX\tex/generic/pgf/systemlayer\pgfsy
sprotocol.code.tex
File: pgfsysprotocol.code.tex 2023-01-15 v3.1.10 (3.1.10)
))
(C:\Users\yazid\AppData\Local\Programs\MiKTeX\tex/latex/xcolor\xcolor.sty
Package: xcolor 2023/11/15 v3.01 LaTeX color extensions (UK)

(C:\Users\yazid\AppData\Local\Programs\MiKTeX\tex/latex/graphics-cfg\color.cfg
File: color.cfg 2016/01/02 v1.6 sample color configuration
)
Package xcolor Info: Driver file: pdftex.def on input line 274.
(C:\Users\yazid\AppData\Local\Programs\MiKTeX\tex/latex/graphics\mathcolor.ltx)
Package xcolor Info: Model `cmy' substituted by `cmy0' on input line 1350.
Package xcolor Info: Model `hsb' substituted by `rgb' on input line 1354.
Package xcolor Info: Model `RGB' extended on input line 1366.
Package xcolor Info: Model `HTML' substituted by `rgb' on input line 1368.
Package xcolor Info: Model `Hsb' substituted by `hsb' on input line 1369.
Package xcolor Info: Model `tHsb' substituted by `hsb' on input line 1370.
Package xcolor Info: Model `HSB' substituted by `hsb' on input line 1371.
Package xcolor Info: Model `Gray' substituted by `gray' on input line 1372.
Package xcolor Info: Model `wave' substituted by `hsb' on input line 1373.
)
(C:\Users\yazid\AppData\Local\Programs\MiKTeX\tex/generic/pgf/basiclayer\pgfcor
e.code.tex
Package: pgfcore 2023-01-15 v3.1.10 (3.1.10)

(C:\Users\yazid\AppData\Local\Programs\MiKTeX\tex/generic/pgf/math\pgfmath.code
.tex
(C:\Users\yazid\AppData\Local\Programs\MiKTeX\tex/generic/pgf/math\pgfmathutil.
code.tex)
(C:\Users\yazid\AppData\Local\Programs\MiKTeX\tex/generic/pgf/math\pgfmathparse
r.code.tex
\pgfmath@dimen=\dimen174
\pgfmath@count=\count286
\pgfmath@box=\box55
\pgfmath@toks=\toks32
\pgfmath@stack@operand=\toks33
\pgfmath@stack@operation=\toks34
)
(C:\Users\yazid\AppData\Local\Programs\MiKTeX\tex/generic/pgf/math\pgfmathfunct
ions.code.tex)
(C:\Users\yazid\AppData\Local\Programs\MiKTeX\tex/generic/pgf/math\pgfmathfunct
ions.basic.code.tex)
(C:\Users\yazid\AppData\Local\Programs\MiKTeX\tex/generic/pgf/math\pgfmathfunct
ions.trigonometric.code.tex)
(C:\Users\yazid\AppData\Local\Programs\MiKTeX\tex/generic/pgf/math\pgfmathfunct
ions.random.code.tex)
(C:\Users\yazid\AppData\Local\Programs\MiKTeX\tex/generic/pgf/math\pgfmathfunct
ions.comparison.code.tex)
(C:\Users\yazid\AppData\Local\Programs\MiKTeX\tex/generic/pgf/math\pgfmathfunct
ions.base.code.tex)
(C:\Users\yazid\AppData\Local\Programs\MiKTeX\tex/generic/pgf/math\pgfmathfunct
ions.round.code.tex)
(C:\Users\yazid\AppData\Local\Programs\MiKTeX\tex/generic/pgf/math\pgfmathfunct
ions.misc.code.tex)
(C:\Users\yazid\AppData\Local\Programs\MiKTeX\tex/generic/pgf/math\pgfmathfunct
ions.integerarithmetics.code.tex)
(C:\Users\yazid\AppData\Local\Programs\MiKTeX\tex/generic/pgf/math\pgfmathcalc.
code.tex)
(C:\Users\yazid\AppData\Local\Programs\MiKTeX\tex/generic/pgf/math\pgfmathfloat
.code.tex
\c@pgfmathroundto@lastzeros=\count287
))
(C:\Users\yazid\AppData\Local\Programs\MiKTeX\tex/generic/pgf/math\pgfint.code.
tex)
(C:\Users\yazid\AppData\Local\Programs\MiKTeX\tex/generic/pgf/basiclayer\pgfcor
epoints.code.tex
File: pgfcorepoints.code.tex 2023-01-15 v3.1.10 (3.1.10)
\pgf@picminx=\dimen175
\pgf@picmaxx=\dimen176
\pgf@picminy=\dimen177
\pgf@picmaxy=\dimen178
\pgf@pathminx=\dimen179
\pgf@pathmaxx=\dimen180
\pgf@pathminy=\dimen181
\pgf@pathmaxy=\dimen182
\pgf@xx=\dimen183
\pgf@xy=\dimen184
\pgf@yx=\dimen185
\pgf@yy=\dimen186
\pgf@zx=\dimen187
\pgf@zy=\dimen188
)
(C:\Users\yazid\AppData\Local\Programs\MiKTeX\tex/generic/pgf/basiclayer\pgfcor
epathconstruct.code.tex
File: pgfcorepathconstruct.code.tex 2023-01-15 v3.1.10 (3.1.10)
\pgf@path@lastx=\dimen189
\pgf@path@lasty=\dimen190
)
(C:\Users\yazid\AppData\Local\Programs\MiKTeX\tex/generic/pgf/basiclayer\pgfcor
epathusage.code.tex
File: pgfcorepathusage.code.tex 2023-01-15 v3.1.10 (3.1.10)
\pgf@shorten@end@additional=\dimen191
\pgf@shorten@start@additional=\dimen192
)
(C:\Users\yazid\AppData\Local\Programs\MiKTeX\tex/generic/pgf/basiclayer\pgfcor
escopes.code.tex
File: pgfcorescopes.code.tex 2023-01-15 v3.1.10 (3.1.10)
\pgfpic=\box56
\pgf@hbox=\box57
\pgf@layerbox@main=\box58
\pgf@picture@serial@count=\count288
)
(C:\Users\yazid\AppData\Local\Programs\MiKTeX\tex/generic/pgf/basiclayer\pgfcor
egraphicstate.code.tex
File: pgfcoregraphicstate.code.tex 2023-01-15 v3.1.10 (3.1.10)
\pgflinewidth=\dimen193
)
(C:\Users\yazid\AppData\Local\Programs\MiKTeX\tex/generic/pgf/basiclayer\pgfcor
etransformations.code.tex
File: pgfcoretransformations.code.tex 2023-01-15 v3.1.10 (3.1.10)
\pgf@pt@x=\dimen194
\pgf@pt@y=\dimen195
\pgf@pt@temp=\dimen196
)
(C:\Users\yazid\AppData\Local\Programs\MiKTeX\tex/generic/pgf/basiclayer\pgfcor
equick.code.tex
File: pgfcorequick.code.tex 2023-01-15 v3.1.10 (3.1.10)
)
(C:\Users\yazid\AppData\Local\Programs\MiKTeX\tex/generic/pgf/basiclayer\pgfcor
eobjects.code.tex
File: pgfcoreobjects.code.tex 2023-01-15 v3.1.10 (3.1.10)
)
(C:\Users\yazid\AppData\Local\Programs\MiKTeX\tex/generic/pgf/basiclayer\pgfcor
epathprocessing.code.tex
File: pgfcorepathprocessing.code.tex 2023-01-15 v3.1.10 (3.1.10)
)
(C:\Users\yazid\AppData\Local\Programs\MiKTeX\tex/generic/pgf/basiclayer\pgfcor
earrows.code.tex
File: pgfcorearrows.code.tex 2023-01-15 v3.1.10 (3.1.10)
\pgfarrowsep=\dimen197
)
(C:\Users\yazid\AppData\Local\Programs\MiKTeX\tex/generic/pgf/basiclayer\pgfcor
eshade.code.tex
File: pgfcoreshade.code.tex 2023-01-15 v3.1.10 (3.1.10)
\pgf@max=\dimen198
\pgf@sys@shading@range@num=\count289
\pgf@shadingcount=\count290
)
(C:\Users\yazid\AppData\Local\Programs\MiKTeX\tex/generic/pgf/basiclayer\pgfcor
eimage.code.tex
File: pgfcoreimage.code.tex 2023-01-15 v3.1.10 (3.1.10)
)
(C:\Users\yazid\AppData\Local\Programs\MiKTeX\tex/generic/pgf/basiclayer\pgfcor
eexternal.code.tex
File: pgfcoreexternal.code.tex 2023-01-15 v3.1.10 (3.1.10)
\pgfexternal@startupbox=\box59
)
(C:\Users\yazid\AppData\Local\Programs\MiKTeX\tex/generic/pgf/basiclayer\pgfcor
elayers.code.tex
File: pgfcorelayers.code.tex 2023-01-15 v3.1.10 (3.1.10)
)
(C:\Users\yazid\AppData\Local\Programs\MiKTeX\tex/generic/pgf/basiclayer\pgfcor
etransparency.code.tex
File: pgfcoretransparency.code.tex 2023-01-15 v3.1.10 (3.1.10)
)
(C:\Users\yazid\AppData\Local\Programs\MiKTeX\tex/generic/pgf/basiclayer\pgfcor
epatterns.code.tex
File: pgfcorepatterns.code.tex 2023-01-15 v3.1.10 (3.1.10)
)
(C:\Users\yazid\AppData\Local\Programs\MiKTeX\tex/generic/pgf/basiclayer\pgfcor
erdf.code.tex
File: pgfcorerdf.code.tex 2023-01-15 v3.1.10 (3.1.10)
)))
(C:\Users\yazid\AppData\Local\Programs\MiKTeX\tex/generic/pgf/modules\pgfmodule
shapes.code.tex
File: pgfmoduleshapes.code.tex 2023-01-15 v3.1.10 (3.1.10)
\pgfnodeparttextbox=\box60
)
(C:\Users\yazid\AppData\Local\Programs\MiKTeX\tex/generic/pgf/modules\pgfmodule
plot.code.tex
File: pgfmoduleplot.code.tex 2023-01-15 v3.1.10 (3.1.10)
)
(C:\Users\yazid\AppData\Local\Programs\MiKTeX\tex/latex/pgf/compatibility\pgfco
mp-version-0-65.sty
Package: pgfcomp-version-0-65 2023-01-15 v3.1.10 (3.1.10)
\pgf@nodesepstart=\dimen199
\pgf@nodesepend=\dimen256
)
(C:\Users\yazid\AppData\Local\Programs\MiKTeX\tex/latex/pgf/compatibility\pgfco
mp-version-1-18.sty
Package: pgfcomp-version-1-18 2023-01-15 v3.1.10 (3.1.10)
))
(C:\Users\yazid\AppData\Local\Programs\MiKTeX\tex/latex/pgf/utilities\pgffor.st
y
(C:\Users\yazid\AppData\Local\Programs\MiKTeX\tex/latex/pgf/utilities\pgfkeys.s
ty
(C:\Users\yazid\AppData\Local\Programs\MiKTeX\tex/generic/pgf/utilities\pgfkeys
.code.tex))
(C:\Users\yazid\AppData\Local\Programs\MiKTeX\tex/latex/pgf/math\pgfmath.sty
(C:\Users\yazid\AppData\Local\Programs\MiKTeX\tex/generic/pgf/math\pgfmath.code
.tex))
(C:\Users\yazid\AppData\Local\Programs\MiKTeX\tex/generic/pgf/utilities\pgffor.
code.tex
Package: pgffor 2023-01-15 v3.1.10 (3.1.10)
\pgffor@iter=\dimen257
\pgffor@skip=\dimen258
\pgffor@stack=\toks35
\pgffor@toks=\toks36
))
(C:\Users\yazid\AppData\Local\Programs\MiKTeX\tex/generic/pgf/frontendlayer/tik
z\tikz.code.tex
Package: tikz 2023-01-15 v3.1.10 (3.1.10)

(C:\Users\yazid\AppData\Local\Programs\MiKTeX\tex/generic/pgf/libraries\pgflibr
aryplothandlers.code.tex
File: pgflibraryplothandlers.code.tex 2023-01-15 v3.1.10 (3.1.10)
\pgf@plot@mark@count=\count291
\pgfplotmarksize=\dimen259
)
\tikz@lastx=\dimen260
\tikz@lasty=\dimen261
\tikz@lastxsaved=\dimen262
\tikz@lastysaved=\dimen263
\tikz@lastmovetox=\dimen264
\tikz@lastmovetoy=\dimen265
\tikzleveldistance=\dimen266
\tikzsiblingdistance=\dimen267
\tikz@figbox=\box61
\tikz@figbox@bg=\box62
\tikz@tempbox=\box63
\tikz@tempbox@bg=\box64
\tikztreelevel=\count292
\tikznumberofchildren=\count293
\tikznumberofcurrentchild=\count294
\tikz@fig@count=\count295

(C:\Users\yazid\AppData\Local\Programs\MiKTeX\tex/generic/pgf/modules\pgfmodule
matrix.code.tex
File: pgfmodulematrix.code.tex 2023-01-15 v3.1.10 (3.1.10)
\pgfmatrixcurrentrow=\count296
\pgfmatrixcurrentcolumn=\count297
\pgf@matrix@numberofcolumns=\count298
)
\tikz@expandcount=\count299

(C:\Users\yazid\AppData\Local\Programs\MiKTeX\tex/generic/pgf/frontendlayer/tik
z/libraries\tikzlibrarytopaths.code.tex
File: tikzlibrarytopaths.code.tex 2023-01-15 v3.1.10 (3.1.10)
)))
(C:\Users\yazid\AppData\Local\Programs\MiKTeX\tex/generic/pgf/frontendlayer/tik
z/libraries\tikzlibraryshapes.geometric.code.tex
File: tikzlibraryshapes.geometric.code.tex 2023-01-15 v3.1.10 (3.1.10)

(C:\Users\yazid\AppData\Local\Programs\MiKTeX\tex/generic/pgf/libraries/shapes\
pgflibraryshapes.geometric.code.tex
File: pgflibraryshapes.geometric.code.tex 2023-01-15 v3.1.10 (3.1.10)
))
(C:\Users\yazid\AppData\Local\Programs\MiKTeX\tex/generic/pgf/libraries\pgflibr
aryarrows.meta.code.tex
File: pgflibraryarrows.meta.code.tex 2023-01-15 v3.1.10 (3.1.10)
\pgfarrowinset=\dimen268
\pgfarrowlength=\dimen269
\pgfarrowwidth=\dimen270
\pgfarrowlinewidth=\dimen271
)
(C:\Users\yazid\AppData\Local\Programs\MiKTeX\tex/generic/pgf/frontendlayer/tik
z/libraries\tikzlibraryshadows.code.tex
File: tikzlibraryshadows.code.tex 2023-01-15 v3.1.10 (3.1.10)

(C:\Users\yazid\AppData\Local\Programs\MiKTeX\tex/generic/pgf/frontendlayer/tik
z/libraries\tikzlibraryfadings.code.tex
File: tikzlibraryfadings.code.tex 2023-01-15 v3.1.10 (3.1.10)

(C:\Users\yazid\AppData\Local\Programs\MiKTeX\tex/generic/pgf/libraries\pgflibr
aryfadings.code.tex
File: pgflibraryfadings.code.tex 2023-01-15 v3.1.10 (3.1.10)
)))
(C:\Users\yazid\AppData\Local\Programs\MiKTeX\tex/generic/pgf/frontendlayer/tik
z/libraries\tikzlibrarypositioning.code.tex
File: tikzlibrarypositioning.code.tex 2023-01-15 v3.1.10 (3.1.10)
)
(C:\Users\yazid\AppData\Local\Programs\MiKTeX\tex/generic/pgf/frontendlayer/tik
z/libraries\tikzlibrarycalc.code.tex
File: tikzlibrarycalc.code.tex 2023-01-15 v3.1.10 (3.1.10)
)
(C:\Users\yazid\AppData\Local\Programs\MiKTeX\tex/latex/geometry\geometry.sty
Package: geometry 2020/01/02 v5.9 Page Geometry

(C:\Users\yazid\AppData\Local\Programs\MiKTeX\tex/generic/iftex\ifvtex.sty
Package: ifvtex 2019/10/25 v1.7 ifvtex legacy package. Use iftex instead.

(C:\Users\yazid\AppData\Local\Programs\MiKTeX\tex/generic/iftex\iftex.sty
Package: iftex 2022/02/03 v1.0f TeX engine tests
))
\Gm@cnth=\count300
\Gm@cntv=\count301
\c@Gm@tempcnt=\count302
\Gm@bindingoffset=\dimen272
\Gm@wd@mp=\dimen273
\Gm@odd@mp=\dimen274
\Gm@even@mp=\dimen275
\Gm@layoutwidth=\dimen276
\Gm@layoutheight=\dimen277
\Gm@layouthoffset=\dimen278
\Gm@layoutvoffset=\dimen279
\Gm@dimlist=\toks37

(C:\Users\yazid\AppData\Local\Programs\MiKTeX\tex/latex/geometry\geometry.cfg))
(C:\Users\yazid\AppData\Local\Programs\MiKTeX\tex/latex/titlesec\titlesec.sty
Package: titlesec 2025/01/04 v2.17 Sectioning titles
\ttl@box=\box65
\beforetitleunit=\skip51
\aftertitleunit=\skip52
\ttl@plus=\dimen280
\ttl@minus=\dimen281
\ttl@toksa=\toks38
\titlewidth=\dimen282
\titlewidthlast=\dimen283
\titlewidthfirst=\dimen284
)
(C:\Users\yazid\AppData\Local\Programs\MiKTeX\tex/latex/fancyhdr\fancyhdr.sty
Package: fancyhdr 2025/02/07 v5.2 Extensive control of page headers and footers

\f@nch@headwidth=\skip53
\f@nch@offset@elh=\skip54
\f@nch@offset@erh=\skip55
\f@nch@offset@olh=\skip56
\f@nch@offset@orh=\skip57
\f@nch@offset@elf=\skip58
\f@nch@offset@erf=\skip59
\f@nch@offset@olf=\skip60
\f@nch@offset@orf=\skip61
\f@nch@height=\skip62
\f@nch@footalignment=\skip63
\f@nch@widthL=\skip64
\f@nch@widthC=\skip65
\f@nch@widthR=\skip66
\@temptokenb=\toks39
)
(C:\Users\yazid\AppData\Local\Programs\MiKTeX\tex/latex/tocloft\tocloft.sty
Package: tocloft 2017/08/31 v2.3i parameterised ToC, etc., typesetting
Package tocloft Info: The document has chapter divisions on input line 51.
\cftparskip=\skip67
\cftbeforetoctitleskip=\skip68
\cftaftertoctitleskip=\skip69
\cftbeforepartskip=\skip70
\cftpartnumwidth=\skip71
\cftpartindent=\skip72
\cftbeforechapskip=\skip73
\cftchapindent=\skip74
\cftchapnumwidth=\skip75
\cftbeforesecskip=\skip76
\cftsecindent=\skip77
\cftsecnumwidth=\skip78
\cftbeforesubsecskip=\skip79
\cftsubsecindent=\skip80
\cftsubsecnumwidth=\skip81
\cftbeforesubsubsecskip=\skip82
\cftsubsubsecindent=\skip83
\cftsubsubsecnumwidth=\skip84
\cftbeforeparaskip=\skip85
\cftparaindent=\skip86
\cftparanumwidth=\skip87
\cftbeforesubparaskip=\skip88
\cftsubparaindent=\skip89
\cftsubparanumwidth=\skip90
\cftbeforeloftitleskip=\skip91
\cftafterloftitleskip=\skip92
\cftbeforefigskip=\skip93
\cftfigindent=\skip94
\cftfignumwidth=\skip95
\c@lofdepth=\count303
\c@lotdepth=\count304
\cftbeforelottitleskip=\skip96
\cftafterlottitleskip=\skip97
\cftbeforetabskip=\skip98
\cfttabindent=\skip99
\cfttabnumwidth=\skip100
)
(C:\Users\yazid\AppData\Local\Programs\MiKTeX\tex/latex/ragged2e\ragged2e.sty
Package: ragged2e 2023/06/22 v3.6 ragged2e Package
\CenteringLeftskip=\skip101
\RaggedLeftLeftskip=\skip102
\RaggedRightLeftskip=\skip103
\CenteringRightskip=\skip104
\RaggedLeftRightskip=\skip105
\RaggedRightRightskip=\skip106
\CenteringParfillskip=\skip107
\RaggedLeftParfillskip=\skip108
\RaggedRightParfillskip=\skip109
\JustifyingParfillskip=\skip110
\CenteringParindent=\skip111
\RaggedLeftParindent=\skip112
\RaggedRightParindent=\skip113
\JustifyingParindent=\skip114
)
(C:\Users\yazid\AppData\Local\Programs\MiKTeX\tex/latex/enumitem\enumitem.sty
Package: enumitem 2025/02/06 v3.11 Customized lists
\labelindent=\skip115
\enit@outerparindent=\dimen285
\enit@toks=\toks40
\enit@inbox=\box66
\enit@count@id=\count305
\enitdp@description=\count306
)
(C:\Users\yazid\AppData\Local\Programs\MiKTeX\tex/latex/tools\array.sty
Package: array 2023/10/16 v2.5g Tabular extension package (FMi)
\col@sep=\dimen286
\ar@mcellbox=\box67
\extrarowheight=\dimen287
\NC@list=\toks41
\extratabsurround=\skip116
\backup@length=\skip117
\ar@cellbox=\box68
)
(C:\Users\yazid\AppData\Local\Programs\MiKTeX\tex/latex/booktabs\booktabs.sty
Package: booktabs 2020/01/12 v1.61803398 Publication quality tables
\heavyrulewidth=\dimen288
\lightrulewidth=\dimen289
\cmidrulewidth=\dimen290
\belowrulesep=\dimen291
\belowbottomsep=\dimen292
\aboverulesep=\dimen293
\abovetopsep=\dimen294
\cmidrulesep=\dimen295
\cmidrulekern=\dimen296
\defaultaddspace=\dimen297
\@cmidla=\count307
\@cmidlb=\count308
\@aboverulesep=\dimen298
\@belowrulesep=\dimen299
\@thisruleclass=\count309
\@lastruleclass=\count310
\@thisrulewidth=\dimen300
)
(C:\Users\yazid\AppData\Local\Programs\MiKTeX\tex/latex/tools\tabularx.sty
Package: tabularx 2023/07/08 v2.11c `tabularx' package (DPC)
\TX@col@width=\dimen301
\TX@old@table=\dimen302
\TX@old@col=\dimen303
\TX@target=\dimen304
\TX@delta=\dimen305
\TX@cols=\count311
\TX@ftn=\toks42
)
(C:\Users\yazid\AppData\Local\Programs\MiKTeX\tex/latex/amsfonts\amssymb.sty
Package: amssymb 2013/01/14 v3.01 AMS font symbols

(C:\Users\yazid\AppData\Local\Programs\MiKTeX\tex/latex/amsfonts\amsfonts.sty
Package: amsfonts 2013/01/14 v3.01 Basic AMSFonts support
\@emptytoks=\toks43
\symAMSa=\mathgroup4
\symAMSb=\mathgroup5
LaTeX Font Info:    Redeclaring math symbol \hbar on input line 98.
LaTeX Font Info:    Overwriting math alphabet `\mathfrak' in version `bold'
(Font)                  U/euf/m/n --> U/euf/b/n on input line 106.
)) (C:\Users\yazid\AppData\Local\Programs\MiKTeX\tex/latex/amsmath\amsmath.sty
Package: amsmath 2023/05/13 v2.17o AMS math features
\@mathmargin=\skip118

For additional information on amsmath, use the `?' option.
(C:\Users\yazid\AppData\Local\Programs\MiKTeX\tex/latex/amsmath\amstext.sty
Package: amstext 2021/08/26 v2.01 AMS text

(C:\Users\yazid\AppData\Local\Programs\MiKTeX\tex/latex/amsmath\amsgen.sty
File: amsgen.sty 1999/11/30 v2.0 generic functions
\@emptytoks=\toks44
\ex@=\dimen306
))
(C:\Users\yazid\AppData\Local\Programs\MiKTeX\tex/latex/amsmath\amsbsy.sty
Package: amsbsy 1999/11/29 v1.2d Bold Symbols
\pmbraise@=\dimen307
)
(C:\Users\yazid\AppData\Local\Programs\MiKTeX\tex/latex/amsmath\amsopn.sty
Package: amsopn 2022/04/08 v2.04 operator names
)
\inf@bad=\count312
LaTeX Info: Redefining \frac on input line 234.
\uproot@=\count313
\leftroot@=\count314
LaTeX Info: Redefining \overline on input line 399.
LaTeX Info: Redefining \colon on input line 410.
\classnum@=\count315
\DOTSCASE@=\count316
LaTeX Info: Redefining \ldots on input line 496.
LaTeX Info: Redefining \dots on input line 499.
LaTeX Info: Redefining \cdots on input line 620.
\Mathstrutbox@=\box69
\strutbox@=\box70
LaTeX Info: Redefining \big on input line 722.
LaTeX Info: Redefining \Big on input line 723.
LaTeX Info: Redefining \bigg on input line 724.
LaTeX Info: Redefining \Bigg on input line 725.
\big@size=\dimen308
LaTeX Font Info:    Redeclaring font encoding OML on input line 743.
LaTeX Font Info:    Redeclaring font encoding OMS on input line 744.
\macc@depth=\count317
LaTeX Info: Redefining \bmod on input line 905.
LaTeX Info: Redefining \pmod on input line 910.
LaTeX Info: Redefining \smash on input line 940.
LaTeX Info: Redefining \relbar on input line 970.
LaTeX Info: Redefining \Relbar on input line 971.
\c@MaxMatrixCols=\count318
\dotsspace@=\muskip16
\c@parentequation=\count319
\dspbrk@lvl=\count320
\tag@help=\toks45
\row@=\count321
\column@=\count322
\maxfields@=\count323
\andhelp@=\toks46
\eqnshift@=\dimen309
\alignsep@=\dimen310
\tagshift@=\dimen311
\tagwidth@=\dimen312
\totwidth@=\dimen313
\lineht@=\dimen314
\@envbody=\toks47
\multlinegap=\skip119
\multlinetaggap=\skip120
\mathdisplay@stack=\toks48
LaTeX Info: Redefining \[ on input line 2953.
LaTeX Info: Redefining \] on input line 2954.
)
(C:\Users\yazid\AppData\Local\Programs\MiKTeX\tex/latex/framed\framed.sty
Package: framed 2011/10/22 v 0.96: framed or shaded text with page breaks
\OuterFrameSep=\skip121
\fb@frw=\dimen315
\fb@frh=\dimen316
\FrameRule=\dimen317
\FrameSep=\dimen318
)
(C:\Users\yazid\AppData\Local\Programs\MiKTeX\tex/latex/mdframed\mdframed.sty
Package: mdframed 2013/07/01 1.9b: mdframed

(C:\Users\yazid\AppData\Local\Programs\MiKTeX\tex/latex/kvoptions\kvoptions.sty
Package: kvoptions 2022-06-15 v3.15 Key value format for package options (HO)
(C:\Users\yazid\AppData\Local\Programs\MiKTeX\tex/generic/ltxcmds\ltxcmds.sty
Package: ltxcmds 2023-12-04 v1.26 LaTeX kernel commands for general use (HO)
)
(C:\Users\yazid\AppData\Local\Programs\MiKTeX\tex/latex/kvsetkeys\kvsetkeys.sty
Package: kvsetkeys 2022-10-05 v1.19 Key value parser (HO)
))
(C:\Users\yazid\AppData\Local\Programs\MiKTeX\tex/latex/l3packages/xparse\xpars
e.sty
(C:\Users\yazid\AppData\Local\Programs\MiKTeX\tex/latex/l3kernel\expl3.sty
Package: expl3 2024-01-04 L3 programming layer (loader) 

(C:\Users\yazid\AppData\Local\Programs\MiKTeX\tex/latex/l3backend\l3backend-pdf
tex.def
File: l3backend-pdftex.def 2024-01-04 L3 backend support: PDF output (pdfTeX)
\l__color_backend_stack_int=\count324
\l__pdf_internal_box=\box71
))
Package: xparse 2023-10-10 L3 Experimental document command parser
)
(C:\Users\yazid\AppData\Local\Programs\MiKTeX\tex/latex/zref\zref-abspage.sty
Package: zref-abspage 2023-09-14 v2.35 Module abspage for zref (HO)

(C:\Users\yazid\AppData\Local\Programs\MiKTeX\tex/latex/zref\zref-base.sty
Package: zref-base 2023-09-14 v2.35 Module base for zref (HO)

(C:\Users\yazid\AppData\Local\Programs\MiKTeX\tex/generic/infwarerr\infwarerr.s
ty
Package: infwarerr 2019/12/03 v1.5 Providing info/warning/error messages (HO)
)
(C:\Users\yazid\AppData\Local\Programs\MiKTeX\tex/generic/kvdefinekeys\kvdefine
keys.sty
Package: kvdefinekeys 2019-12-19 v1.6 Define keys (HO)
)
(C:\Users\yazid\AppData\Local\Programs\MiKTeX\tex/generic/pdftexcmds\pdftexcmds
.sty
Package: pdftexcmds 2020-06-27 v0.33 Utility functions of pdfTeX for LuaTeX (HO
)
Package pdftexcmds Info: \pdf@primitive is available.
Package pdftexcmds Info: \pdf@ifprimitive is available.
Package pdftexcmds Info: \pdfdraftmode found.
)
(C:\Users\yazid\AppData\Local\Programs\MiKTeX\tex/generic/etexcmds\etexcmds.sty
Package: etexcmds 2019/12/15 v1.7 Avoid name clashes with e-TeX commands (HO)
) (C:\Users\yazid\AppData\Local\Programs\MiKTeX\tex/latex/auxhook\auxhook.sty
Package: auxhook 2019-12-17 v1.6 Hooks for auxiliary files (HO)
)
Package zref Info: New property list: main on input line 767.
Package zref Info: New property: default on input line 768.
Package zref Info: New property: page on input line 769.
)
\c@abspage=\count325
Package zref Info: New property: abspage on input line 67.
)
(C:\Users\yazid\AppData\Local\Programs\MiKTeX\tex/latex/needspace\needspace.sty
Package: needspace 2025/03/13 v1.3e reserve vertical space
)
\mdf@templength=\skip122
\c@mdf@globalstyle@cnt=\count326
\mdf@skipabove@length=\skip123
\mdf@skipbelow@length=\skip124
\mdf@leftmargin@length=\skip125
\mdf@rightmargin@length=\skip126
\mdf@innerleftmargin@length=\skip127
\mdf@innerrightmargin@length=\skip128
\mdf@innertopmargin@length=\skip129
\mdf@innerbottommargin@length=\skip130
\mdf@splittopskip@length=\skip131
\mdf@splitbottomskip@length=\skip132
\mdf@outermargin@length=\skip133
\mdf@innermargin@length=\skip134
\mdf@linewidth@length=\skip135
\mdf@innerlinewidth@length=\skip136
\mdf@middlelinewidth@length=\skip137
\mdf@outerlinewidth@length=\skip138
\mdf@roundcorner@length=\skip139
\mdf@footenotedistance@length=\skip140
\mdf@userdefinedwidth@length=\skip141
\mdf@needspace@length=\skip142
\mdf@frametitleaboveskip@length=\skip143
\mdf@frametitlebelowskip@length=\skip144
\mdf@frametitlerulewidth@length=\skip145
\mdf@frametitleleftmargin@length=\skip146
\mdf@frametitlerightmargin@length=\skip147
\mdf@shadowsize@length=\skip148
\mdf@extratopheight@length=\skip149
\mdf@subtitleabovelinewidth@length=\skip150
\mdf@subtitlebelowlinewidth@length=\skip151
\mdf@subtitleaboveskip@length=\skip152
\mdf@subtitlebelowskip@length=\skip153
\mdf@subtitleinneraboveskip@length=\skip154
\mdf@subtitleinnerbelowskip@length=\skip155
\mdf@subsubtitleabovelinewidth@length=\skip156
\mdf@subsubtitlebelowlinewidth@length=\skip157
\mdf@subsubtitleaboveskip@length=\skip158
\mdf@subsubtitlebelowskip@length=\skip159
\mdf@subsubtitleinneraboveskip@length=\skip160
\mdf@subsubtitleinnerbelowskip@length=\skip161

(C:\Users\yazid\AppData\Local\Programs\MiKTeX\tex/latex/mdframed\md-frame-0.mdf
File: md-frame-0.mdf 2013/07/01\ 1.9b: md-frame-0
)
\mdf@frametitlebox=\box72
\mdf@footnotebox=\box73
\mdf@splitbox@one=\box74
\mdf@splitbox@two=\box75
\mdf@splitbox@save=\box76
\mdfsplitboxwidth=\skip162
\mdfsplitboxtotalwidth=\skip163
\mdfsplitboxheight=\skip164
\mdfsplitboxdepth=\skip165
\mdfsplitboxtotalheight=\skip166
\mdfframetitleboxwidth=\skip167
\mdfframetitleboxtotalwidth=\skip168
\mdfframetitleboxheight=\skip169
\mdfframetitleboxdepth=\skip170
\mdfframetitleboxtotalheight=\skip171
\mdffootnoteboxwidth=\skip172
\mdffootnoteboxtotalwidth=\skip173
\mdffootnoteboxheight=\skip174
\mdffootnoteboxdepth=\skip175
\mdffootnoteboxtotalheight=\skip176
\mdftotallinewidth=\skip177
\mdfboundingboxwidth=\skip178
\mdfboundingboxtotalwidth=\skip179
\mdfboundingboxheight=\skip180
\mdfboundingboxdepth=\skip181
\mdfboundingboxtotalheight=\skip182
\mdf@freevspace@length=\skip183
\mdf@horizontalwidthofbox@length=\skip184
\mdf@verticalmarginwhole@length=\skip185
\mdf@horizontalspaceofbox=\skip186
\mdfsubtitleheight=\skip187
\mdfsubsubtitleheight=\skip188
\c@mdfcountframes=\count327

****** mdframed patching \endmdf@trivlist

****** -- success******

\mdf@envdepth=\count328
\c@mdf@env@i=\count329
\c@mdf@env@ii=\count330
\c@mdf@zref@counter=\count331
Package zref Info: New property: mdf@pagevalue on input line 895.
)
(C:\Users\yazid\AppData\Local\Programs\MiKTeX\tex/latex/listings\listings.sty
\lst@mode=\count332
\lst@gtempboxa=\box77
\lst@token=\toks49
\lst@length=\count333
\lst@currlwidth=\dimen319
\lst@column=\count334
\lst@pos=\count335
\lst@lostspace=\dimen320
\lst@width=\dimen321
\lst@newlines=\count336
\lst@lineno=\count337
\lst@maxwidth=\dimen322

(C:\Users\yazid\AppData\Local\Programs\MiKTeX\tex/latex/listings\lstmisc.sty
File: lstmisc.sty 2023/02/27 1.9 (Carsten Heinz)
\c@lstnumber=\count338
\lst@skipnumbers=\count339
\lst@framebox=\box78
)
(C:\Users\yazid\AppData\Local\Programs\MiKTeX\tex/latex/listings\listings.cfg
File: listings.cfg 2023/02/27 1.9 listings configuration
))
Package: listings 2023/02/27 1.9 (Carsten Heinz)
(C:\Users\yazid\AppData\Local\Programs\MiKTeX\tex/latex/hyperref\hyperref.sty
Package: hyperref 2023-11-26 v7.01g Hypertext links for LaTeX

(C:\Users\yazid\AppData\Local\Programs\MiKTeX\tex/generic/pdfescape\pdfescape.s
ty
Package: pdfescape 2019/12/09 v1.15 Implements pdfTeX's escape features (HO)
) (C:\Users\yazid\AppData\Local\Programs\MiKTeX\tex/latex/hycolor\hycolor.sty
Package: hycolor 2020-01-27 v1.10 Color options for hyperref/bookmark (HO)
)
(C:\Users\yazid\AppData\Local\Programs\MiKTeX\tex/latex/letltxmacro\letltxmacro
.sty
Package: letltxmacro 2019/12/03 v1.6 Let assignment for LaTeX macros (HO)
)
(C:\Users\yazid\AppData\Local\Programs\MiKTeX\tex/latex/hyperref\nameref.sty
Package: nameref 2023-11-26 v2.56 Cross-referencing by name of section

(C:\Users\yazid\AppData\Local\Programs\MiKTeX\tex/latex/refcount\refcount.sty
Package: refcount 2019/12/15 v3.6 Data extraction from label references (HO)
)
(C:\Users\yazid\AppData\Local\Programs\MiKTeX\tex/generic/gettitlestring\gettit
lestring.sty
Package: gettitlestring 2019/12/15 v1.6 Cleanup title references (HO)
)
\c@section@level=\count340
)
\@linkdim=\dimen323
\Hy@linkcounter=\count341
\Hy@pagecounter=\count342

(C:\Users\yazid\AppData\Local\Programs\MiKTeX\tex/latex/hyperref\pd1enc.def
File: pd1enc.def 2023-11-26 v7.01g Hyperref: PDFDocEncoding definition (HO)
Now handling font encoding PD1 ...
... no UTF-8 mapping file for font encoding PD1
)
(C:\Users\yazid\AppData\Local\Programs\MiKTeX\tex/generic/intcalc\intcalc.sty
Package: intcalc 2019/12/15 v1.3 Expandable calculations with integers (HO)
)
\Hy@SavedSpaceFactor=\count343

(C:\Users\yazid\AppData\Local\Programs\MiKTeX\tex/latex/hyperref\puenc.def
File: puenc.def 2023-11-26 v7.01g Hyperref: PDF Unicode definition (HO)
Now handling font encoding PU ...
... no UTF-8 mapping file for font encoding PU
)
Package hyperref Info: Hyper figures OFF on input line 4181.
Package hyperref Info: Link nesting OFF on input line 4186.
Package hyperref Info: Hyper index ON on input line 4189.
Package hyperref Info: Plain pages OFF on input line 4196.
Package hyperref Info: Backreferencing OFF on input line 4201.
Package hyperref Info: Implicit mode ON; LaTeX internals redefined.
Package hyperref Info: Bookmarks ON on input line 4448.
\c@Hy@tempcnt=\count344

(C:\Users\yazid\AppData\Local\Programs\MiKTeX\tex/latex/url\url.sty
\Urlmuskip=\muskip17
Package: url 2013/09/16  ver 3.4  Verb mode for urls, etc.
)
LaTeX Info: Redefining \url on input line 4786.
\XeTeXLinkMargin=\dimen324

(C:\Users\yazid\AppData\Local\Programs\MiKTeX\tex/generic/bitset\bitset.sty
Package: bitset 2019/12/09 v1.3 Handle bit-vector datatype (HO)

(C:\Users\yazid\AppData\Local\Programs\MiKTeX\tex/generic/bigintcalc\bigintcalc
.sty
Package: bigintcalc 2019/12/15 v1.5 Expandable calculations on big integers (HO
)
))
\Fld@menulength=\count345
\Field@Width=\dimen325
\Fld@charsize=\dimen326
Package hyperref Info: Hyper figures OFF on input line 6065.
Package hyperref Info: Link nesting OFF on input line 6070.
Package hyperref Info: Hyper index ON on input line 6073.
Package hyperref Info: backreferencing OFF on input line 6080.
Package hyperref Info: Link coloring OFF on input line 6085.
Package hyperref Info: Link coloring with OCG OFF on input line 6090.
Package hyperref Info: PDF/A mode OFF on input line 6095.

(C:\Users\yazid\AppData\Local\Programs\MiKTeX\tex/latex/base\atbegshi-ltx.sty
Package: atbegshi-ltx 2021/01/10 v1.0c Emulation of the original atbegshi
package with kernel methods
)
\Hy@abspage=\count346
\c@Item=\count347
\c@Hfootnote=\count348
)
Package hyperref Info: Driver (autodetected): hpdftex.
(C:\Users\yazid\AppData\Local\Programs\MiKTeX\tex/latex/hyperref\hpdftex.def
File: hpdftex.def 2023-11-26 v7.01g Hyperref driver for pdfTeX

(C:\Users\yazid\AppData\Local\Programs\MiKTeX\tex/latex/base\atveryend-ltx.sty
Package: atveryend-ltx 2020/08/19 v1.0a Emulation of the original atveryend pac
kage
with kernel methods
)
\HyAnn@Count=\count349
\Fld@listcount=\count350
\c@bookmark@seq@number=\count351

(C:\Users\yazid\AppData\Local\Programs\MiKTeX\tex/latex/rerunfilecheck\rerunfil
echeck.sty
Package: rerunfilecheck 2022-07-10 v1.10 Rerun checks for auxiliary files (HO)

(C:\Users\yazid\AppData\Local\Programs\MiKTeX\tex/generic/uniquecounter\uniquec
ounter.sty
Package: uniquecounter 2019/12/15 v1.4 Provide unlimited unique counter (HO)
)
Package uniquecounter Info: New unique counter `rerunfilecheck' on input line 2
85.
)
\Hy@SectionHShift=\skip189
)
Package hyperref Info: Option `colorlinks' set `true' on input line 127.
)
LaTeX Font Info:    Trying to load font information for T1+lmr on input line 40
.

(C:\Users\yazid\AppData\Local\Programs\MiKTeX\tex/latex/lm\t1lmr.fd
File: t1lmr.fd 2015/05/01 v1.6.1 Font defs for Latin Modern
) (main.aux)
\openout1 = `main.aux'.

LaTeX Font Info:    Checking defaults for OML/cmm/m/it on input line 40.
LaTeX Font Info:    ... okay on input line 40.
LaTeX Font Info:    Checking defaults for OMS/cmsy/m/n on input line 40.
LaTeX Font Info:    ... okay on input line 40.
LaTeX Font Info:    Checking defaults for OT1/cmr/m/n on input line 40.
LaTeX Font Info:    ... okay on input line 40.
LaTeX Font Info:    Checking defaults for T1/cmr/m/n on input line 40.
LaTeX Font Info:    ... okay on input line 40.
LaTeX Font Info:    Checking defaults for TS1/cmr/m/n on input line 40.
LaTeX Font Info:    ... okay on input line 40.
LaTeX Font Info:    Checking defaults for OMX/cmex/m/n on input line 40.
LaTeX Font Info:    ... okay on input line 40.
LaTeX Font Info:    Checking defaults for U/cmr/m/n on input line 40.
LaTeX Font Info:    ... okay on input line 40.
LaTeX Font Info:    Checking defaults for PD1/pdf/m/n on input line 40.
LaTeX Font Info:    ... okay on input line 40.
LaTeX Font Info:    Checking defaults for PU/pdf/m/n on input line 40.
LaTeX Font Info:    ... okay on input line 40.
LaTeX Info: Redefining \degres on input line 40.
Package french.ldf Info: Setting StandardItemizeEnv=true for
(french.ldf)             compatibility with enumitem package,
(french.ldf)             reported on input line 40.
Package french.ldf Info: Setting StandardEnumerateEnv=true for
(french.ldf)             compatibility with enumitem package,
(french.ldf)             reported on input line 40.
LaTeX Info: Redefining \up on input line 40.
LaTeX Info: Redefining \microtypecontext on input line 40.
Package microtype Info: Applying patch `item' on input line 40.
Package microtype Info: Applying patch `toc' on input line 40.
Package microtype Info: Applying patch `eqnum' on input line 40.
Package microtype Info: Applying patch `footnote' on input line 40.
Package microtype Info: Applying patch `verbatim' on input line 40.
LaTeX Info: Redefining \microtypesetup on input line 40.
Package microtype Info: Generating PDF output.
Package microtype Info: Character protrusion enabled (level 2).
Package microtype Info: Using default protrusion set `alltext'.
Package microtype Info: Automatic font expansion enabled (level 2),
(microtype)             stretch: 20, shrink: 20, step: 1, non-selected.
Package microtype Info: Using default expansion set `alltext-nott'.
LaTeX Info: Redefining \showhyphens on input line 40.
Package microtype Info: No adjustment of tracking.
Package microtype Info: No adjustment of interword spacing.
Package microtype Info: No adjustment of character kerning.
(C:\Users\yazid\AppData\Local\Programs\MiKTeX\tex/latex/microtype\mt-cmr.cfg
File: mt-cmr.cfg 2013/05/19 v2.2 microtype config. file: Computer Modern Roman 
(RS)
)
(C:\Users\yazid\AppData\Local\Programs\MiKTeX\tex/context/base/mkii\supp-pdf.mk
ii
[Loading MPS to PDF converter (version 2006.09.02).]
\scratchcounter=\count352
\scratchdimen=\dimen327
\scratchbox=\box79
\nofMPsegments=\count353
\nofMParguments=\count354
\everyMPshowfont=\toks50
\MPscratchCnt=\count355
\MPscratchDim=\dimen328
\MPnumerator=\count356
\makeMPintoPDFobject=\count357
\everyMPtoPDFconversion=\toks51
)
(C:\Users\yazid\AppData\Local\Programs\MiKTeX\tex/latex/epstopdf-pkg\epstopdf-b
ase.sty
Package: epstopdf-base 2020-01-24 v2.11 Base part for package epstopdf
Package epstopdf-base Info: Redefining graphics rule for `.eps' on input line 4
85.

(C:\Users\yazid\AppData\Local\Programs\MiKTeX\tex/latex/00miktex\epstopdf-sys.c
fg
File: epstopdf-sys.cfg 2021/03/18 v2.0 Configuration of epstopdf for MiKTeX
))
Package caption Info: Begin \AtBeginDocument code.
Package caption Info: float package is loaded.
Package caption Info: hyperref package is loaded.
Package caption Info: listings package is loaded.
Package caption Info: End \AtBeginDocument code.

*geometry* driver: auto-detecting
*geometry* detected driver: pdftex
*geometry* verbose mode - [ preamble ] result:
* driver: pdftex
* paper: a4paper
* layout: <same size as paper>
* layoutoffset:(h,v)=(0.0pt,0.0pt)
* modes: 
* h-part:(L,W,R)=(71.13188pt, 455.24411pt, 71.13188pt)
* v-part:(T,H,B)=(71.13188pt, 702.78308pt, 71.13188pt)
* \paperwidth=597.50787pt
* \paperheight=845.04684pt
* \textwidth=455.24411pt
* \textheight=702.78308pt
* \oddsidemargin=-1.1381pt
* \evensidemargin=-1.1381pt
* \topmargin=-41.1381pt
* \headheight=15.0pt
* \headsep=25.0pt
* \topskip=12.0pt
* \footskip=30.0pt
* \marginparwidth=35.0pt
* \marginparsep=10.0pt
* \columnsep=10.0pt
* \skip\footins=10.8pt plus 4.0pt minus 2.0pt
* \hoffset=0.0pt
* \voffset=0.0pt
* \mag=1000
* \@twocolumnfalse
* \@twosidefalse
* \@mparswitchfalse
* \@reversemarginfalse
* (1in=72.27pt=25.4mm, 1cm=28.453pt)

\c@lstlisting=\count358
Package hyperref Info: Link coloring ON on input line 40.
(main.out) (main.out)
\@outlinefile=\write4
\openout4 = `main.out'.

 (frontmatter/titlepage.tex
<logos/UAE.png, id=278, 315.579pt x 112.0185pt>
File: logos/UAE.png Graphic file (type png)
<use logos/UAE.png>
Package pdftex.def Info: logos/UAE.png  used on input line 25.
(pdftex.def)             Requested size: 99.58464pt x 35.34753pt.
LaTeX Font Info:    Trying to load font information for OT1+lmr on input line 2
6.

(C:\Users\yazid\AppData\Local\Programs\MiKTeX\tex/latex/lm\ot1lmr.fd
File: ot1lmr.fd 2015/05/01 v1.6.1 Font defs for Latin Modern
)
LaTeX Font Info:    Trying to load font information for OML+lmm on input line 2
6.

(C:\Users\yazid\AppData\Local\Programs\MiKTeX\tex/latex/lm\omllmm.fd
File: omllmm.fd 2015/05/01 v1.6.1 Font defs for Latin Modern
)
LaTeX Font Info:    Trying to load font information for OMS+lmsy on input line 
26.

(C:\Users\yazid\AppData\Local\Programs\MiKTeX\tex/latex/lm\omslmsy.fd
File: omslmsy.fd 2015/05/01 v1.6.1 Font defs for Latin Modern
)
LaTeX Font Info:    Trying to load font information for OMX+lmex on input line 
26.

(C:\Users\yazid\AppData\Local\Programs\MiKTeX\tex/latex/lm\omxlmex.fd
File: omxlmex.fd 2015/05/01 v1.6.1 Font defs for Latin Modern
)
LaTeX Font Info:    External font `lmex10' loaded for size
(Font)              <12> on input line 26.
LaTeX Font Info:    External font `lmex10' loaded for size
(Font)              <8> on input line 26.
LaTeX Font Info:    External font `lmex10' loaded for size
(Font)              <6> on input line 26.
LaTeX Font Info:    Trying to load font information for U+msa on input line 26.


(C:\Users\yazid\AppData\Local\Programs\MiKTeX\tex/latex/amsfonts\umsa.fd
File: umsa.fd 2013/01/14 v3.01 AMS symbols A
)
(C:\Users\yazid\AppData\Local\Programs\MiKTeX\tex/latex/microtype\mt-msa.cfg
File: mt-msa.cfg 2006/02/04 v1.1 microtype config. file: AMS symbols (a) (RS)
)
LaTeX Font Info:    Trying to load font information for U+msb on input line 26.


(C:\Users\yazid\AppData\Local\Programs\MiKTeX\tex/latex/amsfonts\umsb.fd
File: umsb.fd 2013/01/14 v3.01 AMS symbols B
)
(C:\Users\yazid\AppData\Local\Programs\MiKTeX\tex/latex/microtype\mt-msb.cfg
File: mt-msb.cfg 2005/06/01 v1.0 microtype config. file: AMS symbols (b) (RS)
)
<logos/ENSAH.png, id=280, 41.1136pt x 32.7624pt>
File: logos/ENSAH.png Graphic file (type png)
<use logos/ENSAH.png>
Package pdftex.def Info: logos/ENSAH.png  used on input line 30.
(pdftex.def)             Requested size: 56.9055pt x 45.34662pt.

[1

{C:/Users/yazid/AppData/Local/MiKTeX/fonts/map/pdftex/pdftex.map}{C:/Users/yazi
d/AppData/Local/Programs/MiKTeX/fonts/enc/dvips/lm/lm-ec.enc} <./logos/UAE.png>
 <./logos/ENSAH.png>])
*geometry* verbose mode - [ newgeometry ] result:
* driver: pdftex
* paper: a4paper
* layout: <same size as paper>
* layoutoffset:(h,v)=(0.0pt,0.0pt)
* modes: 
* h-part:(L,W,R)=(71.13188pt, 455.24411pt, 71.13188pt)
* v-part:(T,H,B)=(71.13188pt, 702.78308pt, 71.13188pt)
* \paperwidth=597.50787pt
* \paperheight=845.04684pt
* \textwidth=455.24411pt
* \textheight=702.78308pt
* \oddsidemargin=-1.1381pt
* \evensidemargin=-1.1381pt
* \topmargin=-41.1381pt
* \headheight=15.0pt
* \headsep=25.0pt
* \topskip=12.0pt
* \footskip=30.0pt
* \marginparwidth=35.0pt
* \marginparsep=10.0pt
* \columnsep=10.0pt
* \skip\footins=10.8pt plus 4.0pt minus 2.0pt
* \hoffset=0.0pt
* \voffset=0.0pt
* \mag=1000
* \@twocolumnfalse
* \@twosidefalse
* \@mparswitchfalse
* \@reversemarginfalse
* (1in=72.27pt=25.4mm, 1cm=28.453pt)

 (frontmatter/abstract.tex [1


]) [2] (main.toc [3]
LaTeX Font Info:    Trying to load font information for T1+lmtt on input line 4
8.

(C:\Users\yazid\AppData\Local\Programs\MiKTeX\tex/latex/lm\t1lmtt.fd
File: t1lmtt.fd 2015/05/01 v1.6.1 Font defs for Latin Modern
)
Package microtype Info: Loading generic protrusion settings for font family
(microtype)             `lmtt' (encoding: T1).
(microtype)             For optimal results, create family-specific settings.
(microtype)             See the microtype manual for details.
)
\tf@toc=\write5
\openout5 = `main.toc'.

 [4]
(main.lof)
\tf@lof=\write6
\openout6 = `main.lof'.

 [5] (main.lot)
\tf@lot=\write7
\openout7 = `main.lot'.

 [6] (chapters/chapter-01-introduction.tex
Chapitre 1.

Underfull \hbox (badness 10000) in alignment at lines 39--39
[][][][] 
 []

Package microtype Info: Character `029' is missing
(microtype)             in font `T1/lmr/m/sc/12'.
(microtype)             Ignoring protrusion settings for this character.

LaTeX Font Warning: Font shape `T1/lmr/bx/sc' undefined
(Font)              using `T1/lmr/bx/n' instead on input line 40.


pdfTeX warning (ext4): destination with the same identifier (name{page.1}) has 
been already used, duplicate ignored
<to be read again> 
                   \relax 
l.43 ...Les Trois Piliers de l'Architecture Kappa}
                                                   [1

])
(chapters/chapter-02-acteurs.tex [2]
Chapitre 2.
[3

] [4]) (chapters/chapter-03-planification.tex [5]
Chapitre 3.
[6

]
<../screenshots/Gantt.png, id=480, 1159.9335pt x 392.667pt>
File: ../screenshots/Gantt.png Graphic file (type png)
<use ../screenshots/Gantt.png>
Package pdftex.def Info: ../screenshots/Gantt.png  used on input line 92.
(pdftex.def)             Requested size: 432.24411pt x 146.32706pt.


Package caption Warning: The option `hypcap=true' will be ignored for this
(caption)                particular \caption on input line 93.
See the caption package documentation for explanation.


Overfull \hbox (2.31268pt too wide) in paragraph at lines 121--121
 []|[]\T1/lmr/bx/n/12 (-20) Priorité[]| 
 []


Overfull \hbox (2.08464pt too wide) in paragraph at lines 121--121
 []|\T1/lmr/m/n/12 (-20) Moyenne| 
 []

[7 <../screenshots/Gantt.png>]
Underfull \hbox (badness 10000) in alignment at lines 172--172
[][][][] 
 []

[8]) (chapters/chapter-04-implementation.tex [9]
Chapitre 4.

Overfull \hbox (65.26407pt too wide) in paragraph at lines 26--26
[]|\T1/lmtt/m/n/12 stream_processing/filtrage.py|  
 []


Overfull \hbox (77.61407pt too wide) in paragraph at lines 26--26
[]|\T1/lmtt/m/n/12 stream_processing/agregation.py|  
 []


Overfull \hbox (120.8391pt too wide) in paragraph at lines 26--26
[]|\T1/lmtt/m/n/12 stream_processing/detection_abandon.py|  
 []


Overfull \hbox (15.86404pt too wide) in paragraph at lines 26--26
[]|\T1/lmtt/m/n/12 config/test_replay.py|  
 []


Overfull \hbox (10.66382pt too wide) in paragraph at lines 32--33
[]\T1/lmr/m/n/12 (-20) L'infrastructure de base re-pose sur des conte-neurs \T1
/lmr/bx/n/12 (-20) Do-cker \T1/lmr/m/n/12 (-20) or-ches-trés via \T1/lmtt/m/n/1
2 docker-compose\T1/lmr/m/n/12 (-20) .
 []

<../screenshots/2.png, id=494, 1153.30875pt x 611.886pt>
File: ../screenshots/2.png Graphic file (type png)
<use ../screenshots/2.png>
Package pdftex.def Info: ../screenshots/2.png  used on input line 38.
(pdftex.def)             Requested size: 345.7966pt x 183.46451pt.

Package caption Warning: The option `hypcap=true' will be ignored for this
(caption)                particular \caption on input line 39.
See the caption package documentation for explanation.


Overfull \vbox (115.06874pt too high) detected at line 40
 []

Package mdframed Info: Box was splittet wrong
 starting loop to iterate the splitting point
(mdframed)              on input line 40.

Overfull \vbox (116.06874pt too high) detected at line 40
 []


Overfull \vbox (117.06874pt too high) detected at line 40
 []


Overfull \vbox (118.06874pt too high) detected at line 40
 []


Overfull \vbox (119.06874pt too high) detected at line 40
 []


Overfull \vbox (120.06874pt too high) detected at line 40
 []


Overfull \vbox (121.06874pt too high) detected at line 40
 []


Overfull \vbox (122.06874pt too high) detected at line 40
 []


Overfull \vbox (123.06874pt too high) detected at line 40
 []


Overfull \vbox (124.06874pt too high) detected at line 40
 []


Overfull \vbox (125.06874pt too high) detected at line 40
 []


Overfull \vbox (126.06874pt too high) detected at line 40
 []


Overfull \vbox (127.06874pt too high) detected at line 40
 []


Overfull \vbox (128.06874pt too high) detected at line 40
 []


Overfull \vbox (129.06874pt too high) detected at line 40
 []


Overfull \vbox (130.06874pt too high) detected at line 40
 []


Overfull \vbox (131.06874pt too high) detected at line 40
 []


Overfull \vbox (132.06874pt too high) detected at line 40
 []


Overfull \vbox (133.06874pt too high) detected at line 40
 []


Overfull \vbox (134.06874pt too high) detected at line 40
 []


Overfull \vbox (135.06874pt too high) detected at line 40
 []


Overfull \vbox (136.06874pt too high) detected at line 40
 []


Overfull \vbox (137.06874pt too high) detected at line 40
 []


Overfull \vbox (138.06874pt too high) detected at line 40
 []


Overfull \vbox (139.06874pt too high) detected at line 40
 []


Overfull \vbox (140.06874pt too high) detected at line 40
 []


Overfull \vbox (141.06874pt too high) detected at line 40
 []


Overfull \vbox (142.06874pt too high) detected at line 40
 []


Overfull \vbox (143.06874pt too high) detected at line 40
 []


Overfull \vbox (144.06874pt too high) detected at line 40
 []


Overfull \vbox (145.06874pt too high) detected at line 40
 []


Overfull \vbox (146.06874pt too high) detected at line 40
 []


Overfull \vbox (147.06874pt too high) detected at line 40
 []


Overfull \vbox (148.06874pt too high) detected at line 40
 []


Overfull \vbox (149.06874pt too high) detected at line 40
 []


Overfull \vbox (150.06874pt too high) detected at line 40
 []


Overfull \vbox (151.06874pt too high) detected at line 40
 []


Overfull \vbox (152.06874pt too high) detected at line 40
 []


Overfull \vbox (153.06874pt too high) detected at line 40
 []


Overfull \vbox (154.06874pt too high) detected at line 40
 []


Overfull \vbox (155.06874pt too high) detected at line 40
 []


Overfull \vbox (156.06874pt too high) detected at line 40
 []


Overfull \vbox (157.06874pt too high) detected at line 40
 []


Overfull \vbox (158.06874pt too high) detected at line 40
 []


Overfull \vbox (159.06874pt too high) detected at line 40
 []


Overfull \vbox (160.06874pt too high) detected at line 40
 []


Overfull \vbox (161.06874pt too high) detected at line 40
 []


Overfull \vbox (162.06874pt too high) detected at line 40
 []


Overfull \vbox (163.06874pt too high) detected at line 40
 []


Overfull \vbox (164.06874pt too high) detected at line 40
 []


Overfull \vbox (165.06874pt too high) detected at line 40
 []


Overfull \vbox (166.06874pt too high) detected at line 40
 []


Overfull \vbox (167.06874pt too high) detected at line 40
 []


Overfull \vbox (168.06874pt too high) detected at line 40
 []


Overfull \vbox (169.06874pt too high) detected at line 40
 []


Overfull \vbox (170.06874pt too high) detected at line 40
 []


Overfull \vbox (171.06874pt too high) detected at line 40
 []


Overfull \vbox (172.06874pt too high) detected at line 40
 []


Overfull \vbox (173.06874pt too high) detected at line 40
 []


Overfull \vbox (174.06874pt too high) detected at line 40
 []


Overfull \vbox (175.06874pt too high) detected at line 40
 []


Overfull \vbox (176.06874pt too high) detected at line 40
 []


Overfull \vbox (177.06874pt too high) detected at line 40
 []


Overfull \vbox (178.06874pt too high) detected at line 40
 []


Overfull \vbox (179.06874pt too high) detected at line 40
 []


Overfull \vbox (180.06874pt too high) detected at line 40
 []


Overfull \vbox (181.06874pt too high) detected at line 40
 []


Overfull \vbox (182.06874pt too high) detected at line 40
 []


Overfull \vbox (183.06874pt too high) detected at line 40
 []


Overfull \vbox (184.06874pt too high) detected at line 40
 []


Overfull \vbox (185.06874pt too high) detected at line 40
 []


Overfull \vbox (186.06874pt too high) detected at line 40
 []


Overfull \vbox (187.06874pt too high) detected at line 40
 []


Overfull \vbox (188.06874pt too high) detected at line 40
 []


Overfull \vbox (189.06874pt too high) detected at line 40
 []


Overfull \vbox (190.06874pt too high) detected at line 40
 []


Overfull \vbox (191.06874pt too high) detected at line 40
 []


Overfull \vbox (192.06874pt too high) detected at line 40
 []


Overfull \vbox (193.06874pt too high) detected at line 40
 []


Overfull \vbox (194.06874pt too high) detected at line 40
 []


Overfull \vbox (195.06874pt too high) detected at line 40
 []


Overfull \vbox (196.06874pt too high) detected at line 40
 []


Overfull \vbox (197.06874pt too high) detected at line 40
 []


Overfull \vbox (198.06874pt too high) detected at line 40
 []


Overfull \vbox (199.06874pt too high) detected at line 40
 []


Overfull \vbox (200.06874pt too high) detected at line 40
 []


Overfull \vbox (201.06874pt too high) detected at line 40
 []


Overfull \vbox (202.06874pt too high) detected at line 40
 []


Overfull \vbox (203.06874pt too high) detected at line 40
 []


Overfull \vbox (204.06874pt too high) detected at line 40
 []


Overfull \vbox (205.06874pt too high) detected at line 40
 []


Overfull \vbox (206.06874pt too high) detected at line 40
 []


Overfull \vbox (207.06874pt too high) detected at line 40
 []


Overfull \vbox (208.06874pt too high) detected at line 40
 []


Overfull \vbox (209.06874pt too high) detected at line 40
 []


Overfull \vbox (210.06874pt too high) detected at line 40
 []


Overfull \vbox (211.06874pt too high) detected at line 40
 []


Overfull \vbox (212.06874pt too high) detected at line 40
 []


Overfull \vbox (213.06874pt too high) detected at line 40
 []


Overfull \vbox (214.06874pt too high) detected at line 40
 []


Overfull \vbox (215.06874pt too high) detected at line 40
 []


Overfull \vbox (216.06874pt too high) detected at line 40
 []


Package mdframed Warning: correct box splittet fails
 It seems you are using a non splittable contents
(mdframed)                 on input line 40.

Package mdframed Info: You first box width is to small
 mdframed fixed it
(mdframed)              on input line 40.
[10

]
(C:\Users\yazid\AppData\Local\Programs\MiKTeX\tex/latex/listings\lstlang1.sty
File: lstlang1.sty 2023/02/27 1.9 listings language file
)
Package hyperref Info: bookmark level for unknown lstlisting defaults to 0 on i
nput line 46.

Underfull \hbox (badness 10000) in alignment at lines 82--82
[][][] 
 []

[11 <../screenshots/2.png>]
<../screenshots/filtrage_bots.png, id=519, 1156.92226pt x 616.704pt>
File: ../screenshots/filtrage_bots.png Graphic file (type png)
<use ../screenshots/filtrage_bots.png>
Package pdftex.def Info: ../screenshots/filtrage_bots.png  used on input line 1
03.
(pdftex.def)             Requested size: 432.24411pt x 230.4071pt.


Package caption Warning: The option `hypcap=true' will be ignored for this
(caption)                particular \caption on input line 104.
See the caption package documentation for explanation.


Package mdframed Warning: You got a bad break
(mdframed)                because the last box will be empty
(mdframed)                you have to change it manually
(mdframed)                by changing the text, the space
(mdframed)                or something else on input line 105.


Overfull \vbox (1.1541pt too high) detected at line 105
 []

Package mdframed Info: Box was splittet wrong
 starting loop to iterate the splitting point
(mdframed)              on input line 105.

Overfull \vbox (2.1541pt too high) detected at line 105
 []


Overfull \vbox (3.1541pt too high) detected at line 105
 []


Overfull \vbox (4.1541pt too high) detected at line 105
 []


Overfull \vbox (5.1541pt too high) detected at line 105
 []


Overfull \vbox (6.1541pt too high) detected at line 105
 []


Overfull \vbox (7.1541pt too high) detected at line 105
 []


Overfull \vbox (8.1541pt too high) detected at line 105
 []


Overfull \vbox (9.1541pt too high) detected at line 105
 []


Overfull \vbox (10.1541pt too high) detected at line 105
 []


Overfull \vbox (11.1541pt too high) detected at line 105
 []


Overfull \vbox (12.1541pt too high) detected at line 105
 []


Overfull \vbox (13.1541pt too high) detected at line 105
 []


Overfull \vbox (14.1541pt too high) detected at line 105
 []


Overfull \vbox (15.1541pt too high) detected at line 105
 []


Overfull \vbox (16.1541pt too high) detected at line 105
 []


Overfull \vbox (17.1541pt too high) detected at line 105
 []


Overfull \vbox (18.1541pt too high) detected at line 105
 []


Overfull \vbox (19.1541pt too high) detected at line 105
 []


Overfull \vbox (20.1541pt too high) detected at line 105
 []


Overfull \vbox (21.1541pt too high) detected at line 105
 []


Overfull \vbox (22.1541pt too high) detected at line 105
 []


Overfull \vbox (23.1541pt too high) detected at line 105
 []


Overfull \vbox (24.1541pt too high) detected at line 105
 []


Overfull \vbox (25.1541pt too high) detected at line 105
 []


Overfull \vbox (26.1541pt too high) detected at line 105
 []


Overfull \vbox (27.1541pt too high) detected at line 105
 []


Overfull \vbox (28.1541pt too high) detected at line 105
 []


Overfull \vbox (29.1541pt too high) detected at line 105
 []


Overfull \vbox (30.1541pt too high) detected at line 105
 []


Overfull \vbox (31.1541pt too high) detected at line 105
 []


Overfull \vbox (32.1541pt too high) detected at line 105
 []


Overfull \vbox (33.1541pt too high) detected at line 105
 []


Overfull \vbox (34.1541pt too high) detected at line 105
 []


Overfull \vbox (35.1541pt too high) detected at line 105
 []


Overfull \vbox (36.1541pt too high) detected at line 105
 []


Overfull \vbox (37.1541pt too high) detected at line 105
 []


Overfull \vbox (38.1541pt too high) detected at line 105
 []


Overfull \vbox (39.1541pt too high) detected at line 105
 []


Overfull \vbox (40.1541pt too high) detected at line 105
 []


Overfull \vbox (41.1541pt too high) detected at line 105
 []


Overfull \vbox (42.1541pt too high) detected at line 105
 []


Overfull \vbox (43.1541pt too high) detected at line 105
 []


Overfull \vbox (44.1541pt too high) detected at line 105
 []


Overfull \vbox (45.1541pt too high) detected at line 105
 []


Overfull \vbox (46.1541pt too high) detected at line 105
 []


Overfull \vbox (47.1541pt too high) detected at line 105
 []


Overfull \vbox (48.1541pt too high) detected at line 105
 []


Overfull \vbox (49.1541pt too high) detected at line 105
 []


Overfull \vbox (50.1541pt too high) detected at line 105
 []


Overfull \vbox (51.1541pt too high) detected at line 105
 []


Overfull \vbox (52.1541pt too high) detected at line 105
 []


Overfull \vbox (53.1541pt too high) detected at line 105
 []


Overfull \vbox (54.1541pt too high) detected at line 105
 []


Overfull \vbox (55.1541pt too high) detected at line 105
 []


Overfull \vbox (56.1541pt too high) detected at line 105
 []


Overfull \vbox (57.1541pt too high) detected at line 105
 []


Overfull \vbox (58.1541pt too high) detected at line 105
 []


Overfull \vbox (59.1541pt too high) detected at line 105
 []


Overfull \vbox (60.1541pt too high) detected at line 105
 []


Overfull \vbox (61.1541pt too high) detected at line 105
 []


Overfull \vbox (62.1541pt too high) detected at line 105
 []


Overfull \vbox (63.1541pt too high) detected at line 105
 []


Overfull \vbox (64.1541pt too high) detected at line 105
 []


Overfull \vbox (65.1541pt too high) detected at line 105
 []


Overfull \vbox (66.1541pt too high) detected at line 105
 []


Overfull \vbox (67.1541pt too high) detected at line 105
 []


Overfull \vbox (68.1541pt too high) detected at line 105
 []


Overfull \vbox (69.1541pt too high) detected at line 105
 []


Overfull \vbox (70.1541pt too high) detected at line 105
 []


Overfull \vbox (71.1541pt too high) detected at line 105
 []


Overfull \vbox (72.1541pt too high) detected at line 105
 []


Overfull \vbox (73.1541pt too high) detected at line 105
 []


Overfull \vbox (74.1541pt too high) detected at line 105
 []


Overfull \vbox (75.1541pt too high) detected at line 105
 []


Overfull \vbox (76.1541pt too high) detected at line 105
 []


Overfull \vbox (77.1541pt too high) detected at line 105
 []


Overfull \vbox (78.1541pt too high) detected at line 105
 []


Overfull \vbox (79.1541pt too high) detected at line 105
 []


Overfull \vbox (80.1541pt too high) detected at line 105
 []


Overfull \vbox (81.1541pt too high) detected at line 105
 []


Overfull \vbox (82.1541pt too high) detected at line 105
 []


Overfull \vbox (83.1541pt too high) detected at line 105
 []


Overfull \vbox (84.1541pt too high) detected at line 105
 []


Overfull \vbox (85.1541pt too high) detected at line 105
 []


Overfull \vbox (86.1541pt too high) detected at line 105
 []


Overfull \vbox (87.1541pt too high) detected at line 105
 []


Overfull \vbox (88.1541pt too high) detected at line 105
 []


Overfull \vbox (89.1541pt too high) detected at line 105
 []


Overfull \vbox (90.1541pt too high) detected at line 105
 []


Overfull \vbox (91.1541pt too high) detected at line 105
 []


Overfull \vbox (92.1541pt too high) detected at line 105
 []


Overfull \vbox (93.1541pt too high) detected at line 105
 []


Overfull \vbox (94.1541pt too high) detected at line 105
 []


Overfull \vbox (95.1541pt too high) detected at line 105
 []


Overfull \vbox (96.1541pt too high) detected at line 105
 []


Overfull \vbox (97.1541pt too high) detected at line 105
 []


Overfull \vbox (98.1541pt too high) detected at line 105
 []


Overfull \vbox (99.1541pt too high) detected at line 105
 []


Overfull \vbox (100.1541pt too high) detected at line 105
 []


Overfull \vbox (101.1541pt too high) detected at line 105
 []


Overfull \vbox (102.1541pt too high) detected at line 105
 []


Package mdframed Warning: correct box splittet fails
 It seems you are using a non splittable contents
(mdframed)                 on input line 105.

Package mdframed Info: You first box width is to small
 mdframed fixed it
(mdframed)              on input line 105.
[12]
Overfull \hbox (5.80692pt too wide) in paragraph at lines 131--131
[]|\T1/lmr/m/n/12 (-20) count(abandon_panier)|  
 []

<../screenshots/agregation_stats.png, id=528, 693.792pt x 617.30624pt>
File: ../screenshots/agregation_stats.png Graphic file (type png)
<use ../screenshots/agregation_stats.png>
Package pdftex.def Info: ../screenshots/agregation_stats.png  used on input lin
e 137.
(pdftex.def)             Requested size: 432.24411pt x 384.59094pt.

Package caption Warning: The option `hypcap=true' will be ignored for this
(caption)                particular \caption on input line 138.
See the caption package documentation for explanation.


Overfull \vbox (245.232pt too high) detected at line 139
 []

Package mdframed Info: Box was splittet wrong
 starting loop to iterate the splitting point
(mdframed)              on input line 139.

Overfull \vbox (246.232pt too high) detected at line 139
 []


Overfull \vbox (247.232pt too high) detected at line 139
 []


Overfull \vbox (248.232pt too high) detected at line 139
 []


Overfull \vbox (249.232pt too high) detected at line 139
 []


Overfull \vbox (250.232pt too high) detected at line 139
 []


Overfull \vbox (251.232pt too high) detected at line 139
 []


Overfull \vbox (252.232pt too high) detected at line 139
 []


Overfull \vbox (253.232pt too high) detected at line 139
 []


Overfull \vbox (254.232pt too high) detected at line 139
 []


Overfull \vbox (255.232pt too high) detected at line 139
 []


Overfull \vbox (256.232pt too high) detected at line 139
 []


Overfull \vbox (257.232pt too high) detected at line 139
 []


Overfull \vbox (258.232pt too high) detected at line 139
 []


Overfull \vbox (259.232pt too high) detected at line 139
 []


Overfull \vbox (260.232pt too high) detected at line 139
 []


Overfull \vbox (261.232pt too high) detected at line 139
 []


Overfull \vbox (262.232pt too high) detected at line 139
 []


Overfull \vbox (263.232pt too high) detected at line 139
 []


Overfull \vbox (264.232pt too high) detected at line 139
 []


Overfull \vbox (265.232pt too high) detected at line 139
 []


Overfull \vbox (266.232pt too high) detected at line 139
 []


Overfull \vbox (267.232pt too high) detected at line 139
 []


Overfull \vbox (268.232pt too high) detected at line 139
 []


Overfull \vbox (269.232pt too high) detected at line 139
 []


Overfull \vbox (270.232pt too high) detected at line 139
 []


Overfull \vbox (271.232pt too high) detected at line 139
 []


Overfull \vbox (272.232pt too high) detected at line 139
 []


Overfull \vbox (273.232pt too high) detected at line 139
 []


Overfull \vbox (274.232pt too high) detected at line 139
 []


Overfull \vbox (275.232pt too high) detected at line 139
 []


Overfull \vbox (276.232pt too high) detected at line 139
 []


Overfull \vbox (277.232pt too high) detected at line 139
 []


Overfull \vbox (278.232pt too high) detected at line 139
 []


Overfull \vbox (279.232pt too high) detected at line 139
 []


Overfull \vbox (280.232pt too high) detected at line 139
 []


Overfull \vbox (281.232pt too high) detected at line 139
 []


Overfull \vbox (282.232pt too high) detected at line 139
 []


Overfull \vbox (283.232pt too high) detected at line 139
 []


Overfull \vbox (284.232pt too high) detected at line 139
 []


Overfull \vbox (285.232pt too high) detected at line 139
 []


Overfull \vbox (286.232pt too high) detected at line 139
 []


Overfull \vbox (287.232pt too high) detected at line 139
 []


Overfull \vbox (288.232pt too high) detected at line 139
 []


Overfull \vbox (289.232pt too high) detected at line 139
 []


Overfull \vbox (290.232pt too high) detected at line 139
 []


Overfull \vbox (291.232pt too high) detected at line 139
 []


Overfull \vbox (292.232pt too high) detected at line 139
 []


Overfull \vbox (293.232pt too high) detected at line 139
 []


Overfull \vbox (294.232pt too high) detected at line 139
 []


Overfull \vbox (295.232pt too high) detected at line 139
 []


Overfull \vbox (296.232pt too high) detected at line 139
 []


Overfull \vbox (297.232pt too high) detected at line 139
 []


Overfull \vbox (298.232pt too high) detected at line 139
 []


Overfull \vbox (299.232pt too high) detected at line 139
 []


Overfull \vbox (300.232pt too high) detected at line 139
 []


Overfull \vbox (301.232pt too high) detected at line 139
 []


Overfull \vbox (302.232pt too high) detected at line 139
 []


Overfull \vbox (303.232pt too high) detected at line 139
 []


Overfull \vbox (304.232pt too high) detected at line 139
 []


Overfull \vbox (305.232pt too high) detected at line 139
 []


Overfull \vbox (306.232pt too high) detected at line 139
 []


Overfull \vbox (307.232pt too high) detected at line 139
 []


Overfull \vbox (308.232pt too high) detected at line 139
 []


Overfull \vbox (309.232pt too high) detected at line 139
 []


Overfull \vbox (310.232pt too high) detected at line 139
 []


Overfull \vbox (311.232pt too high) detected at line 139
 []


Overfull \vbox (312.232pt too high) detected at line 139
 []


Overfull \vbox (313.232pt too high) detected at line 139
 []


Overfull \vbox (314.232pt too high) detected at line 139
 []


Overfull \vbox (315.232pt too high) detected at line 139
 []


Overfull \vbox (316.232pt too high) detected at line 139
 []


Overfull \vbox (317.232pt too high) detected at line 139
 []


Overfull \vbox (318.232pt too high) detected at line 139
 []


Overfull \vbox (319.232pt too high) detected at line 139
 []


Overfull \vbox (320.232pt too high) detected at line 139
 []


Overfull \vbox (321.232pt too high) detected at line 139
 []


Overfull \vbox (322.232pt too high) detected at line 139
 []


Overfull \vbox (323.232pt too high) detected at line 139
 []


Overfull \vbox (324.232pt too high) detected at line 139
 []


Overfull \vbox (325.232pt too high) detected at line 139
 []


Overfull \vbox (326.232pt too high) detected at line 139
 []


Overfull \vbox (327.232pt too high) detected at line 139
 []


Overfull \vbox (328.232pt too high) detected at line 139
 []


Overfull \vbox (329.232pt too high) detected at line 139
 []


Overfull \vbox (330.232pt too high) detected at line 139
 []


Overfull \vbox (331.232pt too high) detected at line 139
 []


Overfull \vbox (332.232pt too high) detected at line 139
 []


Overfull \vbox (333.232pt too high) detected at line 139
 []


Overfull \vbox (334.232pt too high) detected at line 139
 []


Overfull \vbox (335.232pt too high) detected at line 139
 []


Overfull \vbox (336.232pt too high) detected at line 139
 []


Overfull \vbox (337.232pt too high) detected at line 139
 []


Overfull \vbox (338.232pt too high) detected at line 139
 []


Overfull \vbox (339.232pt too high) detected at line 139
 []


Overfull \vbox (340.232pt too high) detected at line 139
 []


Overfull \vbox (341.232pt too high) detected at line 139
 []


Overfull \vbox (342.232pt too high) detected at line 139
 []


Overfull \vbox (343.232pt too high) detected at line 139
 []


Overfull \vbox (344.232pt too high) detected at line 139
 []


Overfull \vbox (345.232pt too high) detected at line 139
 []


Overfull \vbox (346.232pt too high) detected at line 139
 []


Package mdframed Warning: correct box splittet fails
 It seems you are using a non splittable contents
(mdframed)                 on input line 139.

Package mdframed Info: You first box width is to small
 mdframed fixed it
(mdframed)              on input line 139.
[13{C:/Users/yazid/AppData/Local/Programs/MiKTeX/fonts/enc/dvips/lm/lm-mathsy.e
nc} <../screenshots/filtrage_bots.png>]
<../screenshots/alerte_abandon1.png, id=535, 596.82974pt x 614.295pt>
File: ../screenshots/alerte_abandon1.png Graphic file (type png)
<use ../screenshots/alerte_abandon1.png>
Package pdftex.def Info: ../screenshots/alerte_abandon1.png  used on input line
 160.
(pdftex.def)             Requested size: 432.24411pt x 444.89786pt.


Package caption Warning: The option `hypcap=true' will be ignored for this
(caption)                particular \caption on input line 161.
See the caption package documentation for explanation.

Package mdframed Info: Not enough space on this page on input line 162.
[14{C:/Users/yazid/AppData/Local/Programs/MiKTeX/fonts/enc/dvips/lm/lm-mathit.e
nc} <../screenshots/agregation_stats.png>]
Package mdframed Info: Not enough space on this page on input line 162.

Overfull \hbox (5.39041pt too wide) in paragraph at lines 185--185
[]|\T1/lmtt/m/n/12 alertes_marketing|  
 []

) (chapters/chapter-05-retention-replay.tex [15 <../screenshots/alerte_abandon1
.png>] [16]
Chapitre 5.

Overfull \hbox (5.39041pt too wide) in paragraph at lines 32--32
[]|\T1/lmtt/m/n/12 alertes_marketing|  
 []

[17

]
LaTeX Font Info:    External font `lmex10' loaded for size
(Font)              <17.28> on input line 78.
LaTeX Font Info:    External font `lmex10' loaded for size
(Font)              <10> on input line 78.
LaTeX Font Info:    Font shape `T1/lmtt/bx/n' in size <14.4> not available
(Font)              Font shape `T1/lmtt/b/n' tried instead on input line 82.
<../screenshots/validation_replay1.png, id=556, 637.78275pt x 607.67026pt>
File: ../screenshots/validation_replay1.png Graphic file (type png)
<use ../screenshots/validation_replay1.png>
Package pdftex.def Info: ../screenshots/validation_replay1.png  used on input l
ine 96.
(pdftex.def)             Requested size: 432.24411pt x 411.84727pt.


Package caption Warning: The option `hypcap=true' will be ignored for this
(caption)                particular \caption on input line 97.
See the caption package documentation for explanation.

Package mdframed Info: Not enough space on this page on input line 98.
[18{C:/Users/yazid/AppData/Local/Programs/MiKTeX/fonts/enc/dvips/lm/lm-rm.enc}]
Package mdframed Info: Not enough space on this page on input line 98.
[19 <../screenshots/validation_replay1.png>]
Underfull \hbox (badness 1184) in paragraph at lines 142--142
[]|\T1/lmr/m/n/12 (+20) Rejouer 7 jours d'évé-ne-ments
 []

) (chapters/chapter-06-methodologie.tex [20]
Chapitre 6.

Underfull \hbox (badness 10000) in alignment at lines 26--26
[][][][] 
 []

[21

]
<../screenshots/taiga.png, id=602, 1156.32pt x 502.87875pt>
File: ../screenshots/taiga.png Graphic file (type png)
<use ../screenshots/taiga.png>
Package pdftex.def Info: ../screenshots/taiga.png  used on input line 48.
(pdftex.def)             Requested size: 432.24411pt x 187.98055pt.


Package caption Warning: The option `hypcap=true' will be ignored for this
(caption)                particular \caption on input line 49.
See the caption package documentation for explanation.

) (chapters/chapter-07-risques.tex [22 <../screenshots/taiga.png>]
Chapitre 7.

Overfull \hbox (13.1793pt too wide) in paragraph at lines 29--29
 []|[]\T1/lmr/bx/n/12 (-20) Probabilité[]| 
 []


Overfull \hbox (13.1793pt too wide) in paragraph at lines 53--53
 []|[]\T1/lmr/bx/n/12 (-20) Probabilité[]| 
 []

[23

]
Underfull \hbox (badness 5563) in paragraph at lines 77--77
[]|\T1/lmr/m/n/12 (+20) Auto-formation et pro-to-ty-page en
 []


Underfull \hbox (badness 10000) in alignment at lines 112--112
[][][][] 
 []


Package mdframed Warning: You got a bad break
(mdframed)                because the last box will be empty
(mdframed)                you have to change it manually
(mdframed)                by changing the text, the space
(mdframed)                or something else on input line 119.

[24]) [25] [26

] [27] (main.aux)
 ***********
LaTeX2e <2023-11-01> patch level 1
L3 programming layer <2024-01-04>
 ***********


LaTeX Font Warning: Some font shapes were not available, defaults substituted.

Package rerunfilecheck Info: File `main.out' has not changed.
(rerunfilecheck)             Checksum: D9505F6E082F38F24F65DF7D224DFB56;12656.
 ) 
Here is how much of TeX's memory you used:
 32256 strings out of 474486
 600325 string characters out of 5743755
 2015542 words of memory out of 5000000
 53607 multiletter control sequences out of 15000+600000
 651693 words of font info for 180 fonts, out of 8000000 for 9000
 1141 hyphenation exceptions out of 8191
 99i,12n,107p,1003b,1385s stack positions out of 10000i,1000n,20000p,200000b,200000s
<C:/Users/yazid/AppData/Local/Programs/MiKTeX/fonts/type1/public/lm/lmbx10.pf
b><C:/Users/yazid/AppData/Local/Programs/MiKTeX/fonts/type1/public/lm/lmbx12.pf
b><C:/Users/yazid/AppData/Local/Programs/MiKTeX/fonts/type1/public/lm/lmbxi10.p
fb><C:/Users/yazid/AppData/Local/Programs/MiKTeX/fonts/type1/public/lm/lmmi12.p
fb><C:/Users/yazid/AppData/Local/Programs/MiKTeX/fonts/type1/public/lm/lmr10.pf
b><C:/Users/yazid/AppData/Local/Programs/MiKTeX/fonts/type1/public/lm/lmr12.pfb
><C:/Users/yazid/AppData/Local/Programs/MiKTeX/fonts/type1/public/lm/lmr17.pfb>
<C:/Users/yazid/AppData/Local/Programs/MiKTeX/fonts/type1/public/lm/lmr6.pfb><C
:/Users/yazid/AppData/Local/Programs/MiKTeX/fonts/type1/public/lm/lmri10.pfb><C
:/Users/yazid/AppData/Local/Programs/MiKTeX/fonts/type1/public/lm/lmri12.pfb><C
:/Users/yazid/AppData/Local/Programs/MiKTeX/fonts/type1/public/lm/lmsy10.pfb><C
:/Users/yazid/AppData/Local/Programs/MiKTeX/fonts/type1/public/lm/lmtk10.pfb><C
:/Users/yazid/AppData/Local/Programs/MiKTeX/fonts/type1/public/lm/lmtt10.pfb><C
:/Users/yazid/AppData/Local/Programs/MiKTeX/fonts/type1/public/lm/lmtt12.pfb><C
:/Users/yazid/AppData/Local/Programs/MiKTeX/fonts/type1/public/lm/lmtti10.pfb><
C:/Users/yazid/AppData/Local/Programs/MiKTeX/fonts/type1/public/amsfonts/symbol
s/msam10.pfb>
Output written on main.pdf (34 pages, 1420588 bytes).
PDF statistics:
 744 PDF objects out of 1000 (max. 8388607)
 178 named destinations out of 1000 (max. 500000)
 51850 words of extra memory for PDF output out of 61914 (max. 10000000)

