\BOOKMARK [0][-]{chapter*.1}{\376\377\000R\000\351\000s\000u\000m\000\351}{}% 1
\BOOKMARK [0][-]{chapter.1}{\376\377\000I\000n\000t\000r\000o\000d\000u\000c\000t\000i\000o\000n\000\040\000:\000\040\000A\000r\000c\000h\000i\000t\000e\000c\000t\000u\000r\000e\000\040\000K\000a\000p\000p\000a}{}% 2
\BOOKMARK [1][-]{section.1.1}{\376\377\000C\000o\000n\000t\000e\000x\000t\000e\000\040\000e\000t\000\040\000O\000b\000j\000e\000c\000t\000i\000f\000s}{chapter.1}% 3
\BOOKMARK [1][-]{section.1.2}{\376\377\000A\000r\000c\000h\000i\000t\000e\000c\000t\000u\000r\000e\000\040\000L\000a\000m\000b\000d\000a\000\040\000v\000s\000\040\000K\000a\000p\000p\000a}{chapter.1}% 4
\BOOKMARK [1][-]{section.1.3}{\376\377\000L\000e\000s\000\040\000T\000r\000o\000i\000s\000\040\000P\000i\000l\000i\000e\000r\000s\000\040\000d\000e\000\040\000l\000'\000A\000r\000c\000h\000i\000t\000e\000c\000t\000u\000r\000e\000\040\000K\000a\000p\000p\000a}{chapter.1}% 5
\BOOKMARK [2][-]{subsection.1.3.1}{\376\377\000P\000i\000l\000i\000e\000r\000\040\0001\000\040\000:\000\040\000L\000e\000\040\000L\000o\000g\000\040\000d\000'\000\311\000v\000\351\000n\000e\000m\000e\000n\000t\000s\000\040\000\050\000K\000a\000f\000k\000a\000\051}{section.1.3}% 6
\BOOKMARK [2][-]{subsection.1.3.2}{\376\377\000P\000i\000l\000i\000e\000r\000\040\0002\000\040\000:\000\040\000L\000e\000\040\000T\000r\000a\000i\000t\000e\000m\000e\000n\000t\000\040\000d\000e\000\040\000F\000l\000u\000x\000\040\000\050\000T\000o\000p\000o\000l\000o\000g\000i\000e\000s\000\051}{section.1.3}% 7
\BOOKMARK [2][-]{subsection.1.3.3}{\376\377\000P\000i\000l\000i\000e\000r\000\040\0003\000\040\000:\000\040\000L\000e\000\040\000R\000e\000p\000l\000a\000y\000\040\000p\000o\000u\000r\000\040\000l\000a\000\040\000C\000o\000h\000\351\000r\000e\000n\000c\000e}{section.1.3}% 8
\BOOKMARK [1][-]{section.1.4}{\376\377\000P\000o\000u\000r\000q\000u\000o\000i\000\040\000K\000a\000p\000p\000a\000\040\000p\000o\000u\000r\000\040\000l\000e\000\040\000E\000-\000c\000o\000m\000m\000e\000r\000c\000e\000\040\000?}{chapter.1}% 9
\BOOKMARK [1][-]{section.1.5}{\376\377\000T\000e\000c\000h\000n\000o\000l\000o\000g\000i\000e\000s\000\040\000U\000t\000i\000l\000i\000s\000\351\000e\000s}{chapter.1}% 10
\BOOKMARK [0][-]{chapter.2}{\376\377\000A\000c\000t\000e\000u\000r\000s\000\040\000e\000t\000\040\000R\000\364\000l\000e\000s}{}% 11
\BOOKMARK [1][-]{section.2.1}{\376\377\000G\000o\000u\000v\000e\000r\000n\000a\000n\000c\000e\000\040\000d\000u\000\040\000P\000r\000o\000j\000e\000t}{chapter.2}% 12
\BOOKMARK [2][-]{subsection.2.1.1}{\376\377\000M\000a\000\356\000t\000r\000i\000s\000e\000\040\000d\000'\000O\000u\000v\000r\000a\000g\000e\000\040\000\050\000M\000O\000A\000\051\000\040\040\024\000\040\000L\000e\000\040\000C\000l\000i\000e\000n\000t}{section.2.1}% 13
\BOOKMARK [2][-]{subsection.2.1.2}{\376\377\000M\000a\000\356\000t\000r\000i\000s\000e\000\040\000d\000'\001\122\000u\000v\000r\000e\000\040\000\050\000M\000O\000E\000\051\000\040\040\024\000\040\000L\000'\000\311\000q\000u\000i\000p\000e\000\040\000T\000e\000c\000h\000n\000i\000q\000u\000e}{section.2.1}% 14
\BOOKMARK [2][-]{subsection.2.1.3}{\376\377\000C\000h\000e\000f\000\040\000d\000e\000\040\000P\000r\000o\000j\000e\000t}{section.2.1}% 15
\BOOKMARK [1][-]{section.2.2}{\376\377\000M\000a\000t\000r\000i\000c\000e\000\040\000R\000A\000C\000I}{chapter.2}% 16
\BOOKMARK [1][-]{section.2.3}{\376\377\000C\000o\000m\000m\000u\000n\000i\000c\000a\000t\000i\000o\000n\000\040\000e\000n\000t\000r\000e\000\040\000A\000c\000t\000e\000u\000r\000s}{chapter.2}% 17
\BOOKMARK [2][-]{subsection.2.3.1}{\376\377\000R\000\351\000u\000n\000i\000o\000n\000s}{section.2.3}% 18
\BOOKMARK [2][-]{subsection.2.3.2}{\376\377\000O\000u\000t\000i\000l\000s\000\040\000d\000e\000\040\000C\000o\000m\000m\000u\000n\000i\000c\000a\000t\000i\000o\000n}{section.2.3}% 19
\BOOKMARK [0][-]{chapter.3}{\376\377\000P\000l\000a\000n\000i\000f\000i\000c\000a\000t\000i\000o\000n\000\040\000e\000t\000\040\000E\000s\000t\000i\000m\000a\000t\000i\000o\000n}{}% 20
\BOOKMARK [1][-]{section.3.1}{\376\377\000D\000\351\000c\000o\000u\000p\000a\000g\000e\000\040\000d\000u\000\040\000P\000r\000o\000j\000e\000t\000\040\000e\000n\000\040\000S\000p\000r\000i\000n\000t\000s}{chapter.3}% 21
\BOOKMARK [2][-]{subsection.3.1.1}{\376\377\000S\000p\000r\000i\000n\000t\000\040\0000\000\040\000:\000\040\000C\000a\000d\000r\000a\000g\000e\000\040\000\050\0000\0001\000/\0000\0004\000\040\040\024\000\040\0000\0002\000/\0000\0004\000/\0002\0000\0002\0006\000\051}{section.3.1}% 22
\BOOKMARK [2][-]{subsection.3.1.2}{\376\377\000S\000p\000r\000i\000n\000t\000\040\0001\000\040\000:\000\040\000I\000n\000f\000r\000a\000s\000t\000r\000u\000c\000t\000u\000r\000e\000\040\000\050\0000\0006\000/\0000\0004\000\040\040\024\000\040\0000\0008\000/\0000\0004\000/\0002\0000\0002\0006\000\051}{section.3.1}% 23
\BOOKMARK [2][-]{subsection.3.1.3}{\376\377\000S\000p\000r\000i\000n\000t\000\040\0002\000\040\000:\000\040\000S\000i\000m\000u\000l\000a\000t\000e\000u\000r\000\040\000e\000t\000\040\000T\000o\000p\000o\000l\000o\000g\000i\000e\000s\000\040\000\050\0000\0009\000/\0000\0004\000\040\040\024\000\040\0001\0003\000/\0000\0004\000/\0002\0000\0002\0006\000\051}{section.3.1}% 24
\BOOKMARK [2][-]{subsection.3.1.4}{\376\377\000S\000p\000r\000i\000n\000t\000\040\0003\000\040\000:\000\040\000V\000a\000l\000i\000d\000a\000t\000i\000o\000n\000\040\000e\000t\000\040\000R\000a\000p\000p\000o\000r\000t\000\040\000\050\0001\0004\000/\0000\0004\000\040\040\024\000\040\0001\0006\000/\0000\0004\000/\0002\0000\0002\0006\000\051}{section.3.1}% 25
\BOOKMARK [1][-]{section.3.2}{\376\377\000L\000e\000\040\000D\000i\000a\000g\000r\000a\000m\000m\000e\000\040\000d\000e\000\040\000G\000a\000n\000t\000t}{chapter.3}% 26
\BOOKMARK [1][-]{section.3.3}{\376\377\000U\000s\000e\000r\000\040\000S\000t\000o\000r\000i\000e\000s}{chapter.3}% 27
\BOOKMARK [1][-]{section.3.4}{\376\377\000E\000s\000t\000i\000m\000a\000t\000i\000o\000n\000\040\000d\000e\000s\000\040\000C\000h\000a\000r\000g\000e\000s\000\040\000\050\000P\000l\000a\000n\000n\000i\000n\000g\000\040\000P\000o\000k\000e\000r\000\051}{chapter.3}% 28
\BOOKMARK [1][-]{section.3.5}{\376\377\000V\000\351\000l\000o\000c\000i\000t\000\351\000\040\000d\000e\000\040\000l\000'\000\311\000q\000u\000i\000p\000e}{chapter.3}% 29
\BOOKMARK [0][-]{chapter.4}{\376\377\000I\000m\000p\000l\000\351\000m\000e\000n\000t\000a\000t\000i\000o\000n\000\040\000T\000e\000c\000h\000n\000i\000q\000u\000e}{}% 30
\BOOKMARK [1][-]{section.4.1}{\376\377\000V\000u\000e\000\040\000d\000'\000E\000n\000s\000e\000m\000b\000l\000e\000\040\000d\000e\000s\000\040\000C\000o\000m\000p\000o\000s\000a\000n\000t\000s}{chapter.4}% 31
\BOOKMARK [1][-]{section.4.2}{\376\377\000I\000n\000f\000r\000a\000s\000t\000r\000u\000c\000t\000u\000r\000e\000\040\000e\000t\000\040\000I\000n\000g\000e\000s\000t\000i\000o\000n}{chapter.4}% 32
\BOOKMARK [2][-]{subsection.4.2.1}{\376\377\000S\000t\000r\000u\000c\000t\000u\000r\000e\000\040\000d\000'\000u\000n\000\040\000\311\000v\000\351\000n\000e\000m\000e\000n\000t}{section.4.2}% 33
\BOOKMARK [2][-]{subsection.4.2.2}{\376\377\000C\000a\000t\000a\000l\000o\000g\000u\000e\000\040\000d\000e\000\040\000P\000r\000o\000d\000u\000i\000t\000s}{section.4.2}% 34
\BOOKMARK [1][-]{section.4.3}{\376\377\000T\000o\000p\000o\000l\000o\000g\000i\000e\000s\000\040\000d\000e\000\040\000T\000r\000a\000i\000t\000e\000m\000e\000n\000t}{chapter.4}% 35
\BOOKMARK [2][-]{subsection.4.3.1}{\376\377\000T\000o\000p\000o\000l\000o\000g\000i\000e\000\040\000d\000e\000\040\000F\000i\000l\000t\000r\000a\000g\000e}{section.4.3}% 36
\BOOKMARK [2][-]{subsection.4.3.2}{\376\377\000T\000o\000p\000o\000l\000o\000g\000i\000e\000\040\000d\000'\000A\000g\000r\000\351\000g\000a\000t\000i\000o\000n}{section.4.3}% 37
\BOOKMARK [2][-]{subsection.4.3.3}{\376\377\000T\000o\000p\000o\000l\000o\000g\000i\000e\000\040\000d\000e\000\040\000D\000\351\000t\000e\000c\000t\000i\000o\000n\000\040\000d\000'\000A\000b\000a\000n\000d\000o\000n}{section.4.3}% 38
\BOOKMARK [1][-]{section.4.4}{\376\377\000T\000o\000p\000i\000c\000s\000\040\000K\000a\000f\000k\000a\000\040\000e\000t\000\040\000R\000\351\000t\000e\000n\000t\000i\000o\000n}{chapter.4}% 39
\BOOKMARK [0][-]{chapter.5}{\376\377\000R\000\351\000t\000e\000n\000t\000i\000o\000n\000\040\000e\000t\000\040\000R\000e\000p\000l\000a\000y}{}% 40
\BOOKMARK [1][-]{section.5.1}{\376\377\000P\000o\000u\000r\000q\000u\000o\000i\000\040\000l\000a\000\040\000R\000\351\000t\000e\000n\000t\000i\000o\000n\000\040\000e\000s\000t\000\040\000E\000s\000s\000e\000n\000t\000i\000e\000l\000l\000e}{chapter.5}% 41
\BOOKMARK [1][-]{section.5.2}{\376\377\000L\000e\000\040\000R\000e\000p\000l\000a\000y\000\040\040\024\000\040\000A\000l\000t\000e\000r\000n\000a\000t\000i\000v\000e\000\040\000a\000u\000\040\000B\000a\000t\000c\000h\000\040\000L\000a\000y\000e\000r}{chapter.5}% 42
\BOOKMARK [2][-]{subsection.5.2.1}{\376\377\000P\000o\000u\000r\000q\000u\000o\000i\000\040\000R\000e\000j\000o\000u\000e\000r\000\040\000?}{section.5.2}% 43
\BOOKMARK [2][-]{subsection.5.2.2}{\376\377\000F\000o\000n\000c\000t\000i\000o\000n\000n\000e\000m\000e\000n\000t\000\040\000T\000e\000c\000h\000n\000i\000q\000u\000e}{section.5.2}% 44
\BOOKMARK [1][-]{section.5.3}{\376\377\000V\000a\000l\000i\000d\000a\000t\000i\000o\000n\000\040\000d\000e\000\040\000C\000o\000h\000\351\000r\000e\000n\000c\000e}{chapter.5}% 45
\BOOKMARK [2][-]{subsection.5.3.1}{\376\377\000L\000e\000\040\000T\000e\000s\000t\000\040\000F\000o\000n\000d\000a\000m\000e\000n\000t\000a\000l}{section.5.3}% 46
\BOOKMARK [2][-]{subsection.5.3.2}{\376\377\000\311\000t\000a\000p\000e\000s\000\040\000d\000u\000\040\000T\000e\000s\000t\000\040\000\050\000c\000o\000n\000f\000i\000g\000/\000t\000e\000s\000t\000\137\000r\000e\000p\000l\000a\000y\000.\000p\000y\000\051}{section.5.3}% 47
\BOOKMARK [1][-]{section.5.4}{\376\377\000S\000c\000\351\000n\000a\000r\000i\000o\000s\000\040\000d\000e\000\040\000R\000e\000p\000l\000a\000y\000\040\000e\000n\000\040\000E\000n\000t\000r\000e\000p\000r\000i\000s\000e}{chapter.5}% 48
\BOOKMARK [1][-]{section.5.5}{\376\377\000L\000i\000m\000i\000t\000e\000s\000\040\000e\000t\000\040\000B\000o\000n\000n\000e\000s\000\040\000P\000r\000a\000t\000i\000q\000u\000e\000s}{chapter.5}% 49
\BOOKMARK [0][-]{chapter.6}{\376\377\000M\000\351\000t\000h\000o\000d\000o\000l\000o\000g\000i\000e\000\040\000e\000t\000\040\000C\000y\000c\000l\000e\000\040\000d\000e\000\040\000V\000i\000e}{}% 50
\BOOKMARK [1][-]{section.6.1}{\376\377\000C\000h\000o\000i\000x\000\040\000d\000e\000\040\000l\000a\000\040\000M\000\351\000t\000h\000o\000d\000o\000l\000o\000g\000i\000e}{chapter.6}% 51
\BOOKMARK [1][-]{section.6.2}{\376\377\000A\000p\000p\000r\000o\000c\000h\000e\000\040\000A\000g\000i\000l\000e\000\040\000\050\000S\000c\000r\000u\000m\000\051}{chapter.6}% 52
\BOOKMARK [1][-]{section.6.3}{\376\377\000U\000t\000i\000l\000i\000s\000a\000t\000i\000o\000n\000\040\000d\000e\000\040\000T\000a\000i\000g\000a\000\040\000\050\000K\000a\000n\000b\000a\000n\000\051}{chapter.6}% 53
\BOOKMARK [1][-]{section.6.4}{\376\377\000O\000u\000t\000i\000l\000s\000\040\000A\000g\000i\000l\000e\000\040\000U\000t\000i\000l\000i\000s\000\351\000s}{chapter.6}% 54
\BOOKMARK [0][-]{chapter.7}{\376\377\000G\000e\000s\000t\000i\000o\000n\000\040\000d\000e\000s\000\040\000R\000i\000s\000q\000u\000e\000s}{}% 55
\BOOKMARK [1][-]{section.7.1}{\376\377\000I\000d\000e\000n\000t\000i\000f\000i\000c\000a\000t\000i\000o\000n\000\040\000e\000t\000\040\000P\000r\000i\000o\000r\000i\000s\000a\000t\000i\000o\000n}{chapter.7}% 56
\BOOKMARK [2][-]{subsection.7.1.1}{\376\377\000R\000i\000s\000q\000u\000e\000s\000\040\000T\000e\000c\000h\000n\000i\000q\000u\000e\000s}{section.7.1}% 57
\BOOKMARK [2][-]{subsection.7.1.2}{\376\377\000R\000i\000s\000q\000u\000e\000s\000\040\000d\000e\000\040\000G\000e\000s\000t\000i\000o\000n\000\040\000d\000e\000\040\000P\000r\000o\000j\000e\000t}{section.7.1}% 58
\BOOKMARK [1][-]{section.7.2}{\376\377\000P\000l\000a\000n\000s\000\040\000d\000e\000\040\000M\000i\000t\000i\000g\000a\000t\000i\000o\000n}{chapter.7}% 59
\BOOKMARK [1][-]{section.7.3}{\376\377\000L\000e\000\040\000C\000\364\000n\000e\000\040\000d\000'\000I\000n\000c\000e\000r\000t\000i\000t\000u\000d\000e}{chapter.7}% 60
\BOOKMARK [1][-]{section.7.4}{\376\377\000S\000u\000i\000v\000i\000\040\000d\000e\000s\000\040\000R\000i\000s\000q\000u\000e\000s\000\040\000p\000a\000r\000\040\000S\000p\000r\000i\000n\000t}{chapter.7}% 61
\BOOKMARK [0][-]{chapter*.29}{\376\377\000C\000o\000n\000c\000l\000u\000s\000i\000o\000n\000\040\000e\000t\000\040\000P\000e\000r\000s\000p\000e\000c\000t\000i\000v\000e\000s}{}% 62
